2025-09-19 16:48:47 | __main__ | INFO | Бот запущен!
2025-09-19 20:06:01 | __main__ | INFO | Бот остановлен пользователем
2025-09-19 20:06:21 | __main__ | INFO | Бот запущен!
2025-09-19 20:33:53 | __main__ | INFO | Бот остановлен пользователем
2025-09-19 22:01:33 | __main__ | CRITICAL | Критическая ошибка: (sqlalchemy.dialects.postgresql.asyncpg.ProgrammingError) <class 'asyncpg.exceptions.UndefinedColumnError'>: столбец "emoji" в таблице "resources" не существует
[SQL: INSERT INTO resources (name, emoji, description, category, rarity) VALUES ($1, $2, $3, $4, $5)]
[parameters: ('Зерно', '🌾', 'Основной продукт земледелия', 'Еда', <RarityLevel.COMMON: 'common'>)]
(Background on this error at: https://sqlalche.me/e/20/f405)
2025-09-19 22:02:06 | __main__ | WARNING | 🚨 НАЧИНАЕМ ПОЛНУЮ ПЕРЕЗАГРУЗКУ БАЗЫ ДАННЫХ!
2025-09-19 22:02:06 | __main__ | WARNING | ⚠️  ВСЕ ДАННЫЕ БУДУТ УДАЛЕНЫ!
2025-09-19 22:02:06 | __main__ | INFO | 🗑️  Удаление всех таблиц...
2025-09-19 22:02:06 | __main__ | INFO | ✅ Все таблицы удалены
2025-09-19 22:02:06 | __main__ | INFO | 🏗️  Создание новых таблиц...
2025-09-19 22:02:06 | __main__ | INFO | ✅ Таблицы пересозданы
2025-09-19 22:02:06 | __main__ | INFO | 📋 Созданные таблицы: users, settlements, user_settlements, settlers, professions, settler_resources, resources
2025-09-19 22:02:06 | __main__ | INFO | 🎉 База данных успешно перезагружена!
2025-09-19 22:02:06 | __main__ | INFO | ✨ Все данные очищены, схема пересоздана
2025-09-19 22:02:27 | __main__ | CRITICAL | Критическая ошибка: (sqlalchemy.dialects.postgresql.asyncpg.ProgrammingError) <class 'asyncpg.exceptions.UndefinedColumnError'>: столбец "emoji" в таблице "resources" не существует
[SQL: INSERT INTO resources (name, emoji, description, category, rarity) VALUES ($1, $2, $3, $4, $5)]
[parameters: ('Зерно', '🌾', 'Основной продукт земледелия', 'Еда', <RarityLevel.COMMON: 'common'>)]
(Background on this error at: https://sqlalche.me/e/20/f405)
2025-09-19 22:03:11 | __main__ | WARNING | 🚨 НАЧИНАЕМ ПОЛНУЮ ПЕРЕЗАГРУЗКУ БАЗЫ ДАННЫХ!
2025-09-19 22:03:11 | __main__ | WARNING | ⚠️  ВСЕ ДАННЫЕ БУДУТ УДАЛЕНЫ!
2025-09-19 22:03:11 | __main__ | INFO | 🗑️  Удаление всех таблиц...
2025-09-19 22:03:11 | __main__ | INFO | ✅ Все таблицы удалены
2025-09-19 22:03:11 | __main__ | INFO | 🏗️  Создание новых таблиц...
2025-09-19 22:03:11 | __main__ | INFO | ✅ Таблицы пересозданы
2025-09-19 22:03:11 | __main__ | INFO | 📋 Созданные таблицы: user_settlements, users, settlements, settlers, professions, settler_resources, resources
2025-09-19 22:03:11 | __main__ | INFO | 🎉 База данных успешно перезагружена!
2025-09-19 22:03:11 | __main__ | INFO | ✨ Все данные очищены, схема пересоздана
2025-09-19 22:03:31 | __main__ | CRITICAL | Критическая ошибка: (sqlalchemy.dialects.postgresql.asyncpg.Error) <class 'asyncpg.exceptions.InvalidTextRepresentationError'>: неверное значение для перечисления raritylevel: "common"
[SQL: INSERT INTO resources (name, emoji, description, category, rarity) VALUES ($1, $2, $3, $4, $5)]
[parameters: ('Зерно', '🌾', 'Основной продукт земледелия', 'Еда', <RarityLevel.COMMON: 'common'>)]
(Background on this error at: https://sqlalche.me/e/20/dbapi)
2025-09-19 22:05:20 | __main__ | WARNING | 🚨 НАЧИНАЕМ ПОЛНУЮ ПЕРЕЗАГРУЗКУ БАЗЫ ДАННЫХ!
2025-09-19 22:05:20 | __main__ | WARNING | ⚠️  ВСЕ ДАННЫЕ БУДУТ УДАЛЕНЫ!
2025-09-19 22:05:20 | __main__ | INFO | 🗑️  Удаление всех таблиц...
2025-09-19 22:05:20 | __main__ | INFO | ✅ Все таблицы удалены
2025-09-19 22:05:20 | __main__ | INFO | 🏗️  Создание новых таблиц...
2025-09-19 22:05:20 | __main__ | INFO | ✅ Таблицы пересозданы
2025-09-19 22:05:20 | __main__ | INFO | 📋 Созданные таблицы: users, settlements, user_settlements, settlers, professions, settler_resources, resources
2025-09-19 22:05:20 | __main__ | INFO | 🎉 База данных успешно перезагружена!
2025-09-19 22:05:20 | __main__ | INFO | ✨ Все данные очищены, схема пересоздана
2025-09-19 22:05:43 | __main__ | INFO | Бот запущен!
2025-09-19 22:07:55 | __main__ | INFO | Бот остановлен пользователем
2025-09-19 22:08:16 | __main__ | CRITICAL | Критическая ошибка: (sqlalchemy.dialects.postgresql.asyncpg.IntegrityError) <class 'asyncpg.exceptions.UniqueViolationError'>: повторяющееся значение ключа нарушает ограничение уникальности "resources_name_key"
DETAIL:  Ключ "(name)=(Зерно)" уже существует.
[SQL: INSERT INTO resources (name, emoji, description, category, rarity) VALUES ($1, $2, $3, $4, $5)]
[parameters: ('Зерно', '🌾', 'Основной продукт земледелия', 'Еда', 'COMMON')]
(Background on this error at: https://sqlalche.me/e/20/gkpj)
2025-09-19 22:09:19 | __main__ | CRITICAL | Критическая ошибка: (sqlalchemy.dialects.postgresql.asyncpg.IntegrityError) <class 'asyncpg.exceptions.UniqueViolationError'>: повторяющееся значение ключа нарушает ограничение уникальности "resources_name_key"
DETAIL:  Ключ "(name)=(Зерно)" уже существует.
[SQL: INSERT INTO resources (name, emoji, description, category, rarity) VALUES ($1, $2, $3, $4, $5)]
[parameters: ('Зерно', '🌾', 'Основной продукт земледелия', 'Еда', 'COMMON')]
(Background on this error at: https://sqlalche.me/e/20/gkpj)
2025-09-19 22:09:34 | __main__ | WARNING | 🚨 НАЧИНАЕМ ПОЛНУЮ ПЕРЕЗАГРУЗКУ БАЗЫ ДАННЫХ!
2025-09-19 22:09:34 | __main__ | WARNING | ⚠️  ВСЕ ДАННЫЕ БУДУТ УДАЛЕНЫ!
2025-09-19 22:09:34 | __main__ | INFO | 🗑️  Удаление всех таблиц...
2025-09-19 22:09:34 | __main__ | INFO | ✅ Все таблицы удалены
2025-09-19 22:09:34 | __main__ | INFO | 🏗️  Создание новых таблиц...
2025-09-19 22:09:34 | __main__ | INFO | ✅ Таблицы пересозданы
2025-09-19 22:09:34 | __main__ | INFO | 📋 Созданные таблицы: users, settlements, user_settlements, settlers, professions, settler_resources, resources
2025-09-19 22:09:34 | __main__ | INFO | 🎉 База данных успешно перезагружена!
2025-09-19 22:09:34 | __main__ | INFO | ✨ Все данные очищены, схема пересоздана
2025-09-19 22:09:55 | __main__ | CRITICAL | Критическая ошибка: (sqlalchemy.dialects.postgresql.asyncpg.ProgrammingError) <class 'asyncpg.exceptions.PostgresSyntaxError'>: ошибка синтаксиса (примерное положение: "IF")
[SQL: INSERT IF NOT EXISTS INTO resources (name, emoji, description, category, rarity) VALUES ($1, $2, $3, $4, $5)]
[parameters: ('Зерно', '🌾', 'Основной продукт земледелия', 'Еда', 'COMMON')]
(Background on this error at: https://sqlalche.me/e/20/f405)
2025-09-19 22:10:35 | __main__ | WARNING | 🚨 НАЧИНАЕМ ПОЛНУЮ ПЕРЕЗАГРУЗКУ БАЗЫ ДАННЫХ!
2025-09-19 22:10:35 | __main__ | WARNING | ⚠️  ВСЕ ДАННЫЕ БУДУТ УДАЛЕНЫ!
2025-09-19 22:10:35 | __main__ | INFO | 🗑️  Удаление всех таблиц...
2025-09-19 22:10:35 | __main__ | INFO | ✅ Все таблицы удалены
2025-09-19 22:10:35 | __main__ | INFO | 🏗️  Создание новых таблиц...
2025-09-19 22:10:35 | __main__ | INFO | ✅ Таблицы пересозданы
2025-09-19 22:10:35 | __main__ | INFO | 📋 Созданные таблицы: users, settlements, user_settlements, settlers, professions, settler_resources, resources
2025-09-19 22:10:35 | __main__ | INFO | 🎉 База данных успешно перезагружена!
2025-09-19 22:10:35 | __main__ | INFO | ✨ Все данные очищены, схема пересоздана
2025-09-19 22:10:56 | __main__ | INFO | Бот запущен!
2025-09-19 22:12:26 | __main__ | WARNING | 🚨 НАЧИНАЕМ ПОЛНУЮ ПЕРЕЗАГРУЗКУ БАЗЫ ДАННЫХ!
2025-09-19 22:12:26 | __main__ | WARNING | ⚠️  ВСЕ ДАННЫЕ БУДУТ УДАЛЕНЫ!
2025-09-19 22:12:26 | __main__ | INFO | 🗑️  Удаление всех таблиц...
2025-09-19 22:12:26 | __main__ | INFO | ✅ Все таблицы удалены
2025-09-19 22:12:26 | __main__ | INFO | 🏗️  Создание новых таблиц...
2025-09-19 22:12:26 | __main__ | INFO | ✅ Таблицы пересозданы
2025-09-19 22:12:26 | __main__ | INFO | 📋 Созданные таблицы: users, settlements, user_settlements, settlers, professions, settler_resources, resources
2025-09-19 22:12:26 | __main__ | INFO | 🎉 База данных успешно перезагружена!
2025-09-19 22:12:26 | __main__ | INFO | ✨ Все данные очищены, схема пересоздана
2025-09-19 22:12:47 | __main__ | INFO | Бот запущен!
2025-09-19 22:14:09 | __main__ | INFO | Бот запущен!
2025-09-19 22:17:09 | __main__ | INFO | Бот остановлен пользователем
2025-09-19 22:17:30 | __main__ | INFO | Бот запущен!
2025-09-19 22:19:18 | __main__ | INFO | Бот остановлен пользователем
2025-09-19 22:19:23 | __main__ | WARNING | 🚨 НАЧИНАЕМ ПОЛНУЮ ПЕРЕЗАГРУЗКУ БАЗЫ ДАННЫХ!
2025-09-19 22:19:23 | __main__ | WARNING | ⚠️  ВСЕ ДАННЫЕ БУДУТ УДАЛЕНЫ!
2025-09-19 22:19:23 | __main__ | INFO | 🗑️  Удаление всех таблиц...
2025-09-19 22:19:23 | __main__ | INFO | ✅ Все таблицы удалены
2025-09-19 22:19:23 | __main__ | INFO | 🏗️  Создание новых таблиц...
2025-09-19 22:19:23 | __main__ | INFO | ✅ Таблицы пересозданы
2025-09-19 22:19:23 | __main__ | INFO | 📋 Созданные таблицы: users, settlements, user_settlements, professions, settlers, settler_resources, resources
2025-09-19 22:19:23 | __main__ | INFO | 🎉 База данных успешно перезагружена!
2025-09-19 22:19:23 | __main__ | INFO | ✨ Все данные очищены, схема пересоздана
2025-09-19 22:19:43 | __main__ | INFO | Бот запущен!
2025-09-19 22:21:03 | __main__ | INFO | Бот остановлен пользователем
2025-09-19 22:21:23 | __main__ | INFO | Бот запущен!
2025-09-19 22:44:30 | __main__ | INFO | Бот остановлен пользователем
2025-09-19 22:44:35 | __main__ | WARNING | 🚨 НАЧИНАЕМ ПОЛНУЮ ПЕРЕЗАГРУЗКУ БАЗЫ ДАННЫХ!
2025-09-19 22:44:35 | __main__ | WARNING | ⚠️  ВСЕ ДАННЫЕ БУДУТ УДАЛЕНЫ!
2025-09-19 22:44:35 | __main__ | INFO | 🗑️  Удаление всех таблиц...
2025-09-19 22:44:35 | __main__ | INFO | ✅ Все таблицы удалены
2025-09-19 22:44:35 | __main__ | INFO | 🏗️  Создание новых таблиц...
2025-09-19 22:44:35 | __main__ | INFO | ✅ Таблицы пересозданы
2025-09-19 22:44:35 | __main__ | INFO | 📋 Созданные таблицы: users, settlements, user_settlements, settlers, professions, settler_resources, resources
2025-09-19 22:44:35 | __main__ | INFO | 🎉 База данных успешно перезагружена!
2025-09-19 22:44:35 | __main__ | INFO | ✨ Все данные очищены, схема пересоздана
2025-09-19 22:44:54 | __main__ | INFO | Бот запущен!
2025-09-19 22:49:14 | __main__ | WARNING | 🚨 НАЧИНАЕМ ПОЛНУЮ ПЕРЕЗАГРУЗКУ БАЗЫ ДАННЫХ!
2025-09-19 22:49:14 | __main__ | WARNING | ⚠️  ВСЕ ДАННЫЕ БУДУТ УДАЛЕНЫ!
2025-09-19 22:49:14 | __main__ | INFO | 🗑️  Удаление всех таблиц...
2025-09-19 22:49:14 | __main__ | INFO | ✅ Все таблицы удалены
2025-09-19 22:49:14 | __main__ | INFO | 🏗️  Создание новых таблиц...
2025-09-19 22:49:14 | __main__ | INFO | ✅ Таблицы пересозданы
2025-09-19 22:49:14 | __main__ | INFO | 📋 Созданные таблицы: users, settlements, user_settlements, settlers, professions, settler_resources, resources
2025-09-19 22:49:14 | __main__ | INFO | 🎉 База данных успешно перезагружена!
2025-09-19 22:49:14 | __main__ | INFO | ✨ Все данные очищены, схема пересоздана
2025-09-19 22:49:39 | __main__ | INFO | Бот запущен!
2025-09-19 22:51:15 | __main__ | WARNING | 🚨 НАЧИНАЕМ ПОЛНУЮ ПЕРЕЗАГРУЗКУ БАЗЫ ДАННЫХ!
2025-09-19 22:51:15 | __main__ | WARNING | ⚠️  ВСЕ ДАННЫЕ БУДУТ УДАЛЕНЫ!
2025-09-19 22:51:15 | __main__ | INFO | 🗑️  Удаление всех таблиц...
2025-09-19 22:51:15 | __main__ | INFO | ✅ Все таблицы удалены
2025-09-19 22:51:15 | __main__ | INFO | 🏗️  Создание новых таблиц...
2025-09-19 22:51:15 | __main__ | INFO | ✅ Таблицы пересозданы
2025-09-19 22:51:15 | __main__ | INFO | 📋 Созданные таблицы: users, settlements, user_settlements, settlers, professions, settler_resources, resources
2025-09-19 22:51:15 | __main__ | INFO | 🎉 База данных успешно перезагружена!
2025-09-19 22:51:15 | __main__ | INFO | ✨ Все данные очищены, схема пересоздана
2025-09-19 22:51:34 | __main__ | INFO | Бот запущен!
2025-09-19 22:58:33 | __main__ | WARNING | 🚨 НАЧИНАЕМ ПОЛНУЮ ПЕРЕЗАГРУЗКУ БАЗЫ ДАННЫХ!
2025-09-19 22:58:33 | __main__ | WARNING | ⚠️  ВСЕ ДАННЫЕ БУДУТ УДАЛЕНЫ!
2025-09-19 22:58:33 | __main__ | INFO | 🗑️  Удаление всех таблиц...
2025-09-19 22:58:33 | __main__ | INFO | ✅ Все таблицы удалены
2025-09-19 22:58:33 | __main__ | INFO | 🏗️  Создание новых таблиц...
2025-09-19 22:58:33 | __main__ | INFO | ✅ Таблицы пересозданы
2025-09-19 22:58:33 | __main__ | INFO | 📋 Созданные таблицы: users, settlements, user_settlements, settlers, professions, settler_resources, resources
2025-09-19 22:58:33 | __main__ | INFO | 🎉 База данных успешно перезагружена!
2025-09-19 22:58:33 | __main__ | INFO | ✨ Все данные очищены, схема пересоздана
2025-09-19 22:58:59 | __main__ | INFO | Бот запущен!
2025-09-19 23:02:13 | __main__ | WARNING | 🚨 НАЧИНАЕМ ПОЛНУЮ ПЕРЕЗАГРУЗКУ БАЗЫ ДАННЫХ!
2025-09-19 23:02:13 | __main__ | WARNING | ⚠️  ВСЕ ДАННЫЕ БУДУТ УДАЛЕНЫ!
2025-09-19 23:02:14 | __main__ | INFO | 🗑️  Удаление всех таблиц...
2025-09-19 23:02:14 | __main__ | INFO | ✅ Все таблицы удалены
2025-09-19 23:02:14 | __main__ | INFO | 🏗️  Создание новых таблиц...
2025-09-19 23:02:14 | __main__ | INFO | ✅ Таблицы пересозданы
2025-09-19 23:02:14 | __main__ | INFO | 📋 Созданные таблицы: users, settlements, user_settlements, settlers, professions, settler_resources, resources
2025-09-19 23:02:14 | __main__ | INFO | 🎉 База данных успешно перезагружена!
2025-09-19 23:02:14 | __main__ | INFO | ✨ Все данные очищены, схема пересоздана
2025-09-19 23:02:37 | __main__ | INFO | Бот запущен!
2025-09-20 12:50:51 | __main__ | INFO | Бот запущен!
2025-09-20 12:52:07 | __main__ | INFO | Бот запущен!
2025-09-20 12:53:11 | __main__ | INFO | Бот запущен!
2025-09-20 12:54:41 | __main__ | INFO | Бот запущен!
2025-09-20 13:00:26 | __main__ | INFO | Бот запущен!
2025-09-20 13:07:33 | __main__ | INFO | Бот запущен!
2025-09-20 13:11:41 | __main__ | INFO | Бот запущен!
2025-09-20 13:13:49 | __main__ | INFO | Бот запущен!
2025-09-22 10:55:47 | __main__ | WARNING | 🚨 НАЧИНАЕМ ПОЛНУЮ ПЕРЕЗАГРУЗКУ БАЗЫ ДАННЫХ!
2025-09-22 10:55:47 | __main__ | WARNING | ⚠️  ВСЕ ДАННЫЕ БУДУТ УДАЛЕНЫ!
2025-09-22 10:55:48 | __main__ | INFO | 🗑️  Удаление всех таблиц...
2025-09-22 10:55:48 | __main__ | INFO | ✅ Все таблицы удалены
2025-09-22 10:55:48 | __main__ | INFO | 🏗️  Создание новых таблиц...
2025-09-22 10:55:48 | __main__ | INFO | ✅ Таблицы пересозданы
2025-09-22 10:55:48 | __main__ | INFO | 📋 Созданные таблицы: users, settlements, user_settlements, settlers, professions, settler_resources, resources
2025-09-22 10:55:48 | __main__ | INFO | 🎉 База данных успешно перезагружена!
2025-09-22 10:55:48 | __main__ | INFO | ✨ Все данные очищены, схема пересоздана
2025-09-22 10:56:00 | __main__ | INFO | Бот запущен!
2025-09-22 11:01:36 | __main__ | INFO | Бот остановлен пользователем
2025-09-22 11:01:42 | __main__ | INFO | Бот запущен!
2025-09-22 11:02:09 | __main__ | INFO | Бот остановлен пользователем
2025-09-22 11:02:14 | __main__ | INFO | Бот запущен!
2025-09-22 11:04:35 | __main__ | INFO | Бот остановлен пользователем
2025-09-22 11:04:42 | __main__ | INFO | Бот запущен!
2025-09-22 11:04:52 | __main__ | INFO | Бот остановлен пользователем
2025-09-22 11:04:57 | __main__ | INFO | Бот запущен!
2025-09-22 11:08:00 | __main__ | INFO | Бот остановлен пользователем
2025-09-22 11:08:05 | __main__ | INFO | Бот запущен!
2025-09-22 11:09:21 | __main__ | INFO | Бот остановлен пользователем
2025-09-22 11:09:26 | __main__ | INFO | Бот запущен!
2025-09-22 11:20:56 | __main__ | INFO | Бот остановлен пользователем
2025-09-22 11:21:01 | __main__ | WARNING | 🚨 НАЧИНАЕМ ПОЛНУЮ ПЕРЕЗАГРУЗКУ БАЗЫ ДАННЫХ!
2025-09-22 11:21:01 | __main__ | WARNING | ⚠️  ВСЕ ДАННЫЕ БУДУТ УДАЛЕНЫ!
2025-09-22 11:21:01 | __main__ | INFO | 🗑️  Удаление всех таблиц...
2025-09-22 11:21:01 | __main__ | INFO | ✅ Все таблицы удалены
2025-09-22 11:21:01 | __main__ | INFO | 🏗️  Создание новых таблиц...
2025-09-22 11:21:01 | __main__ | INFO | ✅ Таблицы пересозданы
2025-09-22 11:21:01 | __main__ | INFO | 📋 Созданные таблицы: users, settlements, user_settlements, settlers, professions, settler_resources, resources
2025-09-22 11:21:01 | __main__ | INFO | 🎉 База данных успешно перезагружена!
2025-09-22 11:21:01 | __main__ | INFO | ✨ Все данные очищены, схема пересоздана
2025-09-22 11:21:07 | __main__ | INFO | Бот запущен!
2025-09-22 14:01:20 | __main__ | INFO | Бот остановлен пользователем
2025-09-22 14:01:24 | __main__ | WARNING | 🚨 НАЧИНАЕМ ПОЛНУЮ ПЕРЕЗАГРУЗКУ БАЗЫ ДАННЫХ!
2025-09-22 14:01:24 | __main__ | WARNING | ⚠️  ВСЕ ДАННЫЕ БУДУТ УДАЛЕНЫ!
2025-09-22 14:01:24 | __main__ | INFO | 🗑️  Удаление всех таблиц...
2025-09-22 14:01:24 | __main__ | INFO | ✅ Все таблицы удалены
2025-09-22 14:01:24 | __main__ | INFO | 🏗️  Создание новых таблиц...
2025-09-22 14:01:24 | __main__ | INFO | ✅ Таблицы пересозданы
2025-09-22 14:01:24 | __main__ | INFO | 📋 Созданные таблицы: users, settlements, user_settlements, professions, settlers, settler_resources, resources
2025-09-22 14:01:24 | __main__ | INFO | 🎉 База данных успешно перезагружена!
2025-09-22 14:01:24 | __main__ | INFO | ✨ Все данные очищены, схема пересоздана
2025-09-22 14:02:15 | __main__ | INFO | Бот запущен!
2025-09-22 14:14:23 | __main__ | INFO | Бот остановлен пользователем
2025-09-22 14:14:27 | __main__ | WARNING | 🚨 НАЧИНАЕМ ПОЛНУЮ ПЕРЕЗАГРУЗКУ БАЗЫ ДАННЫХ!
2025-09-22 14:14:27 | __main__ | WARNING | ⚠️  ВСЕ ДАННЫЕ БУДУТ УДАЛЕНЫ!
2025-09-22 14:14:28 | __main__ | INFO | 🗑️  Удаление всех таблиц...
2025-09-22 14:14:28 | __main__ | INFO | ✅ Все таблицы удалены
2025-09-22 14:14:28 | __main__ | INFO | 🏗️  Создание новых таблиц...
2025-09-22 14:14:28 | __main__ | INFO | ✅ Таблицы пересозданы
2025-09-22 14:14:28 | __main__ | INFO | 📋 Созданные таблицы: users, settlements, user_settlements, settlers, professions, settler_resources, resources
2025-09-22 14:14:28 | __main__ | INFO | 🎉 База данных успешно перезагружена!
2025-09-22 14:14:28 | __main__ | INFO | ✨ Все данные очищены, схема пересоздана
2025-09-22 14:14:32 | __main__ | INFO | Бот запущен!
2025-09-22 14:27:04 | __main__ | INFO | Бот остановлен пользователем
2025-09-22 14:27:07 | __main__ | WARNING | 🚨 НАЧИНАЕМ ПОЛНУЮ ПЕРЕЗАГРУЗКУ БАЗЫ ДАННЫХ!
2025-09-22 14:27:07 | __main__ | WARNING | ⚠️  ВСЕ ДАННЫЕ БУДУТ УДАЛЕНЫ!
2025-09-22 14:27:07 | __main__ | INFO | 🗑️  Удаление всех таблиц...
2025-09-22 14:27:07 | __main__ | INFO | ✅ Все таблицы удалены
2025-09-22 14:27:07 | __main__ | INFO | 🏗️  Создание новых таблиц...
2025-09-22 14:27:07 | __main__ | INFO | ✅ Таблицы пересозданы
2025-09-22 14:27:07 | __main__ | INFO | 📋 Созданные таблицы: users, settlements, user_settlements, settlers, professions, settler_resources, resources
2025-09-22 14:27:07 | __main__ | INFO | 🎉 База данных успешно перезагружена!
2025-09-22 14:27:07 | __main__ | INFO | ✨ Все данные очищены, схема пересоздана
2025-09-22 14:27:12 | __main__ | INFO | Бот запущен!
2025-09-22 14:32:44 | __main__ | INFO | Бот остановлен пользователем
2025-09-22 14:32:48 | __main__ | WARNING | 🚨 НАЧИНАЕМ ПОЛНУЮ ПЕРЕЗАГРУЗКУ БАЗЫ ДАННЫХ!
2025-09-22 14:32:48 | __main__ | WARNING | ⚠️  ВСЕ ДАННЫЕ БУДУТ УДАЛЕНЫ!
2025-09-22 14:32:48 | __main__ | INFO | 🗑️  Удаление всех таблиц...
2025-09-22 14:32:48 | __main__ | INFO | ✅ Все таблицы удалены
2025-09-22 14:32:48 | __main__ | INFO | 🏗️  Создание новых таблиц...
2025-09-22 14:32:48 | __main__ | INFO | ✅ Таблицы пересозданы
2025-09-22 14:32:48 | __main__ | INFO | 📋 Созданные таблицы: users, settlements, user_settlements, settlers, professions, settler_resources, resources
2025-09-22 14:32:48 | __main__ | INFO | 🎉 База данных успешно перезагружена!
2025-09-22 14:32:48 | __main__ | INFO | ✨ Все данные очищены, схема пересоздана
2025-09-22 14:32:53 | __main__ | INFO | Бот запущен!
2025-09-22 14:47:25 | __main__ | INFO | Бот остановлен пользователем
2025-09-22 14:47:31 | __main__ | INFO | Бот запущен!
2025-09-22 15:40:45 | __main__ | INFO | Бот остановлен пользователем
2025-09-22 15:40:49 | __main__ | WARNING | 🚨 НАЧИНАЕМ ПОЛНУЮ ПЕРЕЗАГРУЗКУ БАЗЫ ДАННЫХ!
2025-09-22 15:40:49 | __main__ | WARNING | ⚠️  ВСЕ ДАННЫЕ БУДУТ УДАЛЕНЫ!
2025-09-22 15:40:49 | __main__ | INFO | 🗑️  Удаление всех таблиц...
2025-09-22 15:40:49 | __main__ | INFO | ✅ Все таблицы удалены
2025-09-22 15:40:49 | __main__ | INFO | 🏗️  Создание новых таблиц...
2025-09-22 15:40:49 | __main__ | INFO | ✅ Таблицы пересозданы
2025-09-22 15:40:49 | __main__ | INFO | 📋 Созданные таблицы: users, settlements, user_settlements, settlers, professions, settler_resources, resources
2025-09-22 15:40:49 | __main__ | INFO | 🎉 База данных успешно перезагружена!
2025-09-22 15:40:49 | __main__ | INFO | ✨ Все данные очищены, схема пересоздана
2025-09-22 15:40:54 | __main__ | INFO | Бот запущен!
2025-09-22 15:54:50 | __main__ | INFO | Бот остановлен пользователем
2025-09-22 15:54:54 | __main__ | WARNING | 🚨 НАЧИНАЕМ ПОЛНУЮ ПЕРЕЗАГРУЗКУ БАЗЫ ДАННЫХ!
2025-09-22 15:54:54 | __main__ | WARNING | ⚠️  ВСЕ ДАННЫЕ БУДУТ УДАЛЕНЫ!
2025-09-22 15:54:54 | __main__ | INFO | 🗑️  Удаление всех таблиц...
2025-09-22 15:54:54 | __main__ | INFO | ✅ Все таблицы удалены
2025-09-22 15:54:54 | __main__ | INFO | 🏗️  Создание новых таблиц...
2025-09-22 15:54:54 | __main__ | INFO | ✅ Таблицы пересозданы
2025-09-22 15:54:54 | __main__ | INFO | 📋 Созданные таблицы: users, settlements, user_settlements, settlers, professions, settler_resources, resources
2025-09-22 15:54:54 | __main__ | INFO | 🎉 База данных успешно перезагружена!
2025-09-22 15:54:54 | __main__ | INFO | ✨ Все данные очищены, схема пересоздана
2025-09-22 15:54:59 | __main__ | INFO | Бот запущен!
2025-09-22 16:02:20 | __main__ | INFO | Бот остановлен пользователем
2025-09-22 16:02:24 | __main__ | WARNING | 🚨 НАЧИНАЕМ ПОЛНУЮ ПЕРЕЗАГРУЗКУ БАЗЫ ДАННЫХ!
2025-09-22 16:02:24 | __main__ | WARNING | ⚠️  ВСЕ ДАННЫЕ БУДУТ УДАЛЕНЫ!
2025-09-22 16:02:24 | __main__ | INFO | 🗑️  Удаление всех таблиц...
2025-09-22 16:02:24 | __main__ | INFO | ✅ Все таблицы удалены
2025-09-22 16:02:24 | __main__ | INFO | 🏗️  Создание новых таблиц...
2025-09-22 16:02:24 | __main__ | INFO | ✅ Таблицы пересозданы
2025-09-22 16:02:24 | __main__ | INFO | 📋 Созданные таблицы: users, settlements, user_settlements, settlers, professions, settler_resources, resources
2025-09-22 16:02:24 | __main__ | INFO | 🎉 База данных успешно перезагружена!
2025-09-22 16:02:24 | __main__ | INFO | ✨ Все данные очищены, схема пересоздана
2025-09-22 16:02:29 | __main__ | INFO | Бот запущен!
2025-09-22 16:06:54 | __main__ | INFO | Бот остановлен пользователем
2025-09-22 16:09:55 | __main__ | WARNING | 🚨 НАЧИНАЕМ ПОЛНУЮ ПЕРЕЗАГРУЗКУ БАЗЫ ДАННЫХ!
2025-09-22 16:09:55 | __main__ | WARNING | ⚠️  ВСЕ ДАННЫЕ БУДУТ УДАЛЕНЫ!
2025-09-22 16:09:55 | __main__ | INFO | 🗑️  Удаление всех таблиц...
2025-09-22 16:09:55 | __main__ | INFO | ✅ Все таблицы удалены
2025-09-22 16:09:55 | __main__ | INFO | 🏗️  Создание новых таблиц...
2025-09-22 16:09:55 | __main__ | INFO | ✅ Таблицы пересозданы
2025-09-22 16:09:55 | __main__ | INFO | 📋 Созданные таблицы: users, settlements, user_settlements, settlers, professions, settler_resources, resources
2025-09-22 16:09:55 | __main__ | INFO | 🎉 База данных успешно перезагружена!
2025-09-22 16:09:55 | __main__ | INFO | ✨ Все данные очищены, схема пересоздана
2025-09-22 16:10:00 | __main__ | INFO | Бот запущен!
2025-09-22 16:34:14 | __main__ | INFO | Бот остановлен пользователем
2025-09-22 16:42:21 | __main__ | WARNING | 🚨 НАЧИНАЕМ ПОЛНУЮ ПЕРЕЗАГРУЗКУ БАЗЫ ДАННЫХ!
2025-09-22 16:42:21 | __main__ | WARNING | ⚠️  ВСЕ ДАННЫЕ БУДУТ УДАЛЕНЫ!
2025-09-22 16:42:21 | __main__ | INFO | 🗑️  Удаление всех таблиц...
2025-09-22 16:42:21 | __main__ | INFO | ✅ Все таблицы удалены
2025-09-22 16:42:21 | __main__ | INFO | 🏗️  Создание новых таблиц...
2025-09-22 16:42:21 | __main__ | INFO | ✅ Таблицы пересозданы
2025-09-22 16:42:21 | __main__ | INFO | 📋 Созданные таблицы: users, settlements, user_settlements, professions, settlers, settler_resources, resources
2025-09-22 16:42:21 | __main__ | INFO | 🎉 База данных успешно перезагружена!
2025-09-22 16:42:21 | __main__ | INFO | ✨ Все данные очищены, схема пересоздана
2025-09-22 16:42:26 | __main__ | INFO | Бот запущен!
2025-09-22 16:48:12 | __main__ | INFO | Бот остановлен пользователем
2025-09-22 16:51:27 | __main__ | INFO | Бот запущен!
2025-09-22 16:57:55 | __main__ | INFO | Бот остановлен пользователем
2025-09-22 16:59:39 | __main__ | INFO | Бот запущен!
2025-09-22 17:12:10 | __main__ | INFO | Бот остановлен пользователем
2025-09-22 17:12:16 | __main__ | INFO | Бот запущен!
2025-09-22 17:15:56 | __main__ | INFO | Бот остановлен пользователем
2025-09-22 17:22:59 | __main__ | INFO | Бот запущен!
2025-09-22 18:02:00 | __main__ | INFO | Бот остановлен пользователем
2025-09-22 18:02:04 | __main__ | WARNING | 🚨 НАЧИНАЕМ ПОЛНУЮ ПЕРЕЗАГРУЗКУ БАЗЫ ДАННЫХ!
2025-09-22 18:02:04 | __main__ | WARNING | ⚠️  ВСЕ ДАННЫЕ БУДУТ УДАЛЕНЫ!
2025-09-22 18:02:04 | __main__ | INFO | 🗑️  Удаление всех таблиц...
2025-09-22 18:02:04 | __main__ | INFO | ✅ Все таблицы удалены
2025-09-22 18:02:04 | __main__ | INFO | 🏗️  Создание новых таблиц...
2025-09-22 18:02:04 | __main__ | INFO | ✅ Таблицы пересозданы
2025-09-22 18:02:04 | __main__ | INFO | 📋 Созданные таблицы: users, settlements, user_settlements, settlers, professions, settler_resources, resources
2025-09-22 18:02:04 | __main__ | INFO | 🎉 База данных успешно перезагружена!
2025-09-22 18:02:04 | __main__ | INFO | ✨ Все данные очищены, схема пересоздана
2025-09-22 18:02:09 | __main__ | INFO | Бот запущен!
2025-09-22 18:26:03 | __main__ | INFO | Бот остановлен пользователем
2025-09-22 18:26:08 | __main__ | INFO | Бот запущен!
2025-09-22 18:39:46 | __main__ | INFO | Бот остановлен пользователем
2025-09-22 18:39:51 | __main__ | INFO | Бот запущен!
2025-09-22 19:43:33 | __main__ | INFO | Бот остановлен пользователем
2025-09-22 19:43:38 | __main__ | CRITICAL | Критическая ошибка: cannot access local variable 'handlers' where it is not associated with a value
2025-09-22 19:44:13 | __main__ | CRITICAL | Критическая ошибка: cannot access local variable 'handlers' where it is not associated with a value
2025-09-22 19:45:35 | __main__ | INFO | Бот запущен!
2025-09-22 19:46:19 | __main__ | INFO | Бот остановлен пользователем
2025-09-22 19:46:24 | __main__ | INFO | Бот запущен!
2025-09-22 19:49:55 | __main__ | INFO | Бот остановлен пользователем
2025-09-22 19:50:01 | __main__ | INFO | Бот запущен!
2025-09-22 19:51:29 | __main__ | INFO | Бот остановлен пользователем
2025-09-22 19:51:35 | __main__ | INFO | Бот запущен!
2025-09-22 20:08:28 | __main__ | INFO | Бот остановлен пользователем
2025-09-22 20:08:35 | __main__ | INFO | Бот запущен!
2025-09-22 20:20:41 | __main__ | INFO | Бот остановлен пользователем
2025-09-22 20:20:47 | __main__ | INFO | Бот запущен!
2025-09-22 20:24:01 | __main__ | INFO | Бот остановлен пользователем
2025-09-22 20:42:15 | __main__ | INFO | Бот запущен!
2025-09-22 21:11:50 | __main__ | INFO | Бот остановлен пользователем
2025-09-22 21:13:03 | __main__ | INFO | Бот запущен!
2025-09-22 21:13:06 | __main__ | INFO | Бот остановлен пользователем
2025-09-22 21:13:10 | __main__ | WARNING | 🚨 НАЧИНАЕМ ПОЛНУЮ ПЕРЕЗАГРУЗКУ БАЗЫ ДАННЫХ!
2025-09-22 21:13:10 | __main__ | WARNING | ⚠️  ВСЕ ДАННЫЕ БУДУТ УДАЛЕНЫ!
2025-09-22 21:13:10 | __main__ | INFO | 🗑️  Удаление всех таблиц...
2025-09-22 21:13:10 | __main__ | INFO | ✅ Все таблицы удалены
2025-09-22 21:13:10 | __main__ | INFO | 🏗️  Создание новых таблиц...
2025-09-22 21:13:10 | __main__ | INFO | ✅ Таблицы пересозданы
2025-09-22 21:13:10 | __main__ | INFO | 📋 Созданные таблицы: users, settlements, user_settings, user_settlements, settlers, professions, settler_resources, resources
2025-09-22 21:13:10 | __main__ | INFO | 🎉 База данных успешно перезагружена!
2025-09-22 21:13:10 | __main__ | INFO | ✨ Все данные очищены, схема пересоздана
2025-09-22 21:13:14 | __main__ | INFO | Бот запущен!
2025-09-22 21:14:53 | __main__ | INFO | Бот остановлен пользователем
2025-09-22 21:14:57 | __main__ | WARNING | 🚨 НАЧИНАЕМ ПОЛНУЮ ПЕРЕЗАГРУЗКУ БАЗЫ ДАННЫХ!
2025-09-22 21:14:57 | __main__ | WARNING | ⚠️  ВСЕ ДАННЫЕ БУДУТ УДАЛЕНЫ!
2025-09-22 21:14:57 | __main__ | INFO | 🗑️  Удаление всех таблиц...
2025-09-22 21:14:57 | __main__ | INFO | ✅ Все таблицы удалены
2025-09-22 21:14:57 | __main__ | INFO | 🏗️  Создание новых таблиц...
2025-09-22 21:14:57 | __main__ | INFO | ✅ Таблицы пересозданы
2025-09-22 21:14:57 | __main__ | INFO | 📋 Созданные таблицы: users, settlements, user_settings, user_settlements, settlers, professions, settler_resources, resources
2025-09-22 21:14:57 | __main__ | INFO | 🎉 База данных успешно перезагружена!
2025-09-22 21:14:57 | __main__ | INFO | ✨ Все данные очищены, схема пересоздана
2025-09-22 21:15:02 | __main__ | INFO | Бот запущен!
2025-09-22 21:16:31 | __main__ | INFO | Бот остановлен пользователем
2025-09-22 21:16:36 | __main__ | INFO | Бот запущен!
2025-09-22 21:19:14 | __main__ | INFO | Бот остановлен пользователем
2025-09-22 21:19:18 | __main__ | WARNING | 🚨 НАЧИНАЕМ ПОЛНУЮ ПЕРЕЗАГРУЗКУ БАЗЫ ДАННЫХ!
2025-09-22 21:19:18 | __main__ | WARNING | ⚠️  ВСЕ ДАННЫЕ БУДУТ УДАЛЕНЫ!
2025-09-22 21:19:18 | __main__ | INFO | 🗑️  Удаление всех таблиц...
2025-09-22 21:19:18 | __main__ | INFO | ✅ Все таблицы удалены
2025-09-22 21:19:18 | __main__ | INFO | 🏗️  Создание новых таблиц...
2025-09-22 21:19:18 | __main__ | INFO | ✅ Таблицы пересозданы
2025-09-22 21:19:18 | __main__ | INFO | 📋 Созданные таблицы: users, settlements, user_settings, user_settlements, settlers, professions, settler_resources, resources
2025-09-22 21:19:18 | __main__ | INFO | 🎉 База данных успешно перезагружена!
2025-09-22 21:19:18 | __main__ | INFO | ✨ Все данные очищены, схема пересоздана
2025-09-22 21:19:22 | __main__ | INFO | Бот запущен!
2025-09-22 21:38:48 | __main__ | INFO | Бот остановлен пользователем
2025-09-22 21:38:53 | __main__ | WARNING | 🚨 НАЧИНАЕМ ПОЛНУЮ ПЕРЕЗАГРУЗКУ БАЗЫ ДАННЫХ!
2025-09-22 21:38:53 | __main__ | WARNING | ⚠️  ВСЕ ДАННЫЕ БУДУТ УДАЛЕНЫ!
2025-09-22 21:38:53 | __main__ | INFO | 🗑️  Удаление всех таблиц...
2025-09-22 21:38:53 | __main__ | INFO | ✅ Все таблицы удалены
2025-09-22 21:38:53 | __main__ | INFO | 🏗️  Создание новых таблиц...
2025-09-22 21:38:53 | __main__ | INFO | ✅ Таблицы пересозданы
2025-09-22 21:38:53 | __main__ | INFO | 📋 Созданные таблицы: users, settlements, user_settings, user_settlements, settlers, professions, settler_resources, resources
2025-09-22 21:38:53 | __main__ | INFO | 🎉 База данных успешно перезагружена!
2025-09-22 21:38:53 | __main__ | INFO | ✨ Все данные очищены, схема пересоздана
2025-09-22 21:39:51 | __main__ | INFO | Бот запущен!
2025-09-22 22:40:06 | __main__ | INFO | Бот остановлен пользователем
2025-09-22 22:40:12 | __main__ | INFO | Бот запущен!
2025-09-22 22:40:23 | __main__ | INFO | Бот остановлен пользователем
2025-09-22 22:40:26 | __main__ | WARNING | 🚨 НАЧИНАЕМ ПОЛНУЮ ПЕРЕЗАГРУЗКУ БАЗЫ ДАННЫХ!
2025-09-22 22:40:26 | __main__ | WARNING | ⚠️  ВСЕ ДАННЫЕ БУДУТ УДАЛЕНЫ!
2025-09-22 22:40:26 | __main__ | INFO | 🗑️  Удаление всех таблиц...
2025-09-22 22:40:27 | __main__ | INFO | ✅ Все таблицы удалены
2025-09-22 22:40:27 | __main__ | INFO | 🏗️  Создание новых таблиц...
2025-09-22 22:40:27 | __main__ | INFO | ✅ Таблицы пересозданы
2025-09-22 22:40:27 | __main__ | INFO | 📋 Созданные таблицы: users, settlements, user_settings, user_settlements, settlers, professions, settler_resources, resources
2025-09-22 22:40:27 | __main__ | INFO | 🎉 База данных успешно перезагружена!
2025-09-22 22:40:27 | __main__ | INFO | ✨ Все данные очищены, схема пересоздана
2025-09-22 22:40:31 | __main__ | INFO | Бот запущен!
2025-09-22 22:40:54 | __main__ | INFO | Бот остановлен пользователем
2025-09-22 22:41:01 | __main__ | INFO | Бот запущен!
2025-09-22 22:41:10 | __main__ | INFO | Бот остановлен пользователем
2025-09-22 22:41:16 | __main__ | INFO | Бот запущен!
2025-09-22 22:49:15 | __main__ | INFO | Бот остановлен пользователем
2025-09-22 22:49:21 | __main__ | INFO | Бот запущен!
2025-09-22 23:01:23 | __main__ | INFO | Бот остановлен пользователем
2025-09-22 23:01:28 | __main__ | INFO | Бот запущен!
2025-09-22 23:06:31 | __main__ | INFO | Бот остановлен пользователем
2025-09-22 23:06:37 | __main__ | INFO | Бот запущен!
2025-09-23 08:36:29 | __main__ | INFO | Бот запущен!
2025-09-23 10:00:37 | __main__ | INFO | Бот остановлен пользователем
2025-09-23 10:00:43 | __main__ | INFO | Бот запущен!
2025-09-23 10:01:08 | __main__ | INFO | Бот остановлен пользователем
2025-09-23 10:01:42 | __main__ | WARNING | 🚨 НАЧИНАЕМ ПОЛНУЮ ПЕРЕЗАГРУЗКУ БАЗЫ ДАННЫХ!
2025-09-23 10:01:42 | __main__ | WARNING | ⚠️  ВСЕ ДАННЫЕ БУДУТ УДАЛЕНЫ!
2025-09-23 10:01:43 | __main__ | INFO | 🗑️  Удаление всех таблиц...
2025-09-23 10:01:43 | __main__ | INFO | ✅ Все таблицы удалены
2025-09-23 10:01:43 | __main__ | INFO | 🏗️  Создание новых таблиц...
2025-09-23 10:01:43 | __main__ | INFO | ✅ Таблицы пересозданы
2025-09-23 10:01:43 | __main__ | INFO | 📋 Созданные таблицы: users, settlements, user_settings, user_settlements, settlers, professions, settler_resources, resources
2025-09-23 10:01:43 | __main__ | INFO | 🎉 База данных успешно перезагружена!
2025-09-23 10:01:43 | __main__ | INFO | ✨ Все данные очищены, схема пересоздана
2025-09-23 10:01:48 | __main__ | INFO | Бот запущен!
2025-09-23 10:02:51 | __main__ | INFO | Бот остановлен пользователем
2025-09-23 10:02:56 | __main__ | INFO | Бот запущен!
2025-09-23 10:13:40 | __main__ | INFO | Бот остановлен пользователем
2025-09-23 10:13:46 | __main__ | INFO | Бот запущен!
2025-09-23 10:14:53 | __main__ | INFO | Бот остановлен пользователем
2025-09-23 10:14:58 | __main__ | INFO | Бот запущен!
2025-09-23 10:22:30 | __main__ | INFO | Бот остановлен пользователем
2025-09-23 10:22:34 | __main__ | WARNING | 🚨 НАЧИНАЕМ ПОЛНУЮ ПЕРЕЗАГРУЗКУ БАЗЫ ДАННЫХ!
2025-09-23 10:22:34 | __main__ | WARNING | ⚠️  ВСЕ ДАННЫЕ БУДУТ УДАЛЕНЫ!
2025-09-23 10:22:35 | __main__ | INFO | 🗑️  Удаление всех таблиц...
2025-09-23 10:22:35 | __main__ | INFO | ✅ Все таблицы удалены
2025-09-23 10:22:35 | __main__ | INFO | 🏗️  Создание новых таблиц...
2025-09-23 10:22:35 | __main__ | INFO | ✅ Таблицы пересозданы
2025-09-23 10:22:35 | __main__ | INFO | 📋 Созданные таблицы: users, settlements, user_settings, user_settlements, settlers, professions, settler_resources, resources
2025-09-23 10:22:35 | __main__ | INFO | 🎉 База данных успешно перезагружена!
2025-09-23 10:22:35 | __main__ | INFO | ✨ Все данные очищены, схема пересоздана
2025-09-23 10:22:39 | __main__ | INFO | Бот запущен!
2025-09-23 11:23:38 | __main__ | INFO | Бот остановлен пользователем
2025-09-23 11:23:44 | __main__ | INFO | Бот запущен!
2025-09-23 11:42:14 | __main__ | INFO | Бот остановлен пользователем
2025-09-23 11:42:19 | __main__ | INFO | Бот запущен!
2025-09-24 11:46:51 | __main__ | CRITICAL | Критическая ошибка: (sqlalchemy.dialects.postgresql.asyncpg.ProgrammingError) <class 'asyncpg.exceptions.PostgresSyntaxError'>: ошибка синтаксиса (примерное положение: "REPLACE")
[SQL: INSERT INTO resources (name, emoji, description, category, rarity) VALUES ($1, $2, $3, $4, $5) ON CONFLICT (name) REPLACE]
[parameters: ('Зерно', '🌾', 'Основной продукт земледелия', 'Еда', 'COMMON')]
(Background on this error at: https://sqlalche.me/e/20/f405)
2025-09-24 11:47:23 | __main__ | INFO | Бот запущен!
2025-09-24 11:48:50 | __main__ | CRITICAL | Критическая ошибка: module 'main_handlers' has no attribute 'work_timeout_tasks'
2025-09-24 11:48:56 | __main__ | INFO | Бот запущен!
2025-09-24 11:49:09 | __main__ | CRITICAL | Критическая ошибка: module 'main_handlers' has no attribute 'work_timeout_tasks'
2025-09-24 11:49:15 | __main__ | INFO | Бот запущен!
2025-09-24 11:55:07 | __main__ | CRITICAL | Критическая ошибка: module 'main_handlers' has no attribute 'work_timeout_tasks'
2025-09-24 11:55:13 | __main__ | INFO | Бот запущен!
2025-09-24 11:55:14 | __main__ | INFO | Бот остановлен пользователем
2025-09-24 11:55:20 | __main__ | INFO | Бот запущен!
2025-09-24 11:59:19 | __main__ | INFO | Бот остановлен пользователем
2025-09-24 11:59:24 | __main__ | INFO | Бот запущен!
2025-09-24 12:13:28 | __main__ | INFO | Бот остановлен пользователем
2025-09-24 12:13:35 | __main__ | INFO | Бот запущен!
2025-09-24 14:08:11 | __main__ | INFO | Бот остановлен пользователем
2025-09-25 11:18:11 | __main__ | INFO | Бот запущен!
2025-09-25 11:20:55 | __main__ | INFO | Бот остановлен пользователем
2025-09-25 11:21:09 | __main__ | INFO | Бот запущен!
2025-09-25 11:41:40 | __main__ | INFO | Бот остановлен пользователем
2025-09-25 11:46:22 | __main__ | WARNING | 🚨 НАЧИНАЕМ ПОЛНУЮ ПЕРЕЗАГРУЗКУ БАЗЫ ДАННЫХ!
2025-09-25 11:46:22 | __main__ | WARNING | ⚠️  ВСЕ ДАННЫЕ БУДУТ УДАЛЕНЫ!
2025-09-25 11:46:22 | __main__ | INFO | 🗑️  Удаление всех таблиц...
2025-09-25 11:46:23 | __main__ | INFO | ✅ Все таблицы удалены
2025-09-25 11:46:23 | __main__ | INFO | 🏗️  Создание новых таблиц...
2025-09-25 11:46:23 | __main__ | INFO | ✅ Таблицы пересозданы
2025-09-25 11:46:23 | __main__ | INFO | 📋 Созданные таблицы: users, settlements, user_settings, user_settlements, settlers, professions, settler_resources, resources
2025-09-25 11:46:23 | __main__ | INFO | 🎉 База данных успешно перезагружена!
2025-09-25 11:46:23 | __main__ | INFO | ✨ Все данные очищены, схема пересоздана
2025-09-25 11:46:28 | __main__ | INFO | Бот запущен!
2025-09-25 12:05:40 | __main__ | INFO | Бот остановлен пользователем
2025-09-25 12:05:46 | __main__ | INFO | Бот запущен!
2025-09-25 12:08:26 | __main__ | INFO | Бот остановлен пользователем
2025-09-25 12:08:31 | __main__ | INFO | Бот запущен!
2025-09-25 12:10:34 | __main__ | INFO | Бот остановлен пользователем
2025-09-25 12:10:39 | __main__ | INFO | Бот запущен!
2025-09-25 12:11:54 | __main__ | INFO | Бот остановлен пользователем
2025-09-25 12:12:00 | __main__ | INFO | Бот запущен!
2025-09-25 12:17:39 | __main__ | INFO | Бот остановлен пользователем
2025-09-25 12:17:49 | __main__ | INFO | Бот запущен!
2025-09-25 12:29:39 | __main__ | INFO | Бот остановлен пользователем
2025-09-25 12:29:45 | __main__ | INFO | Бот запущен!
2025-09-25 12:36:32 | __main__ | INFO | Бот остановлен пользователем
2025-09-25 12:36:38 | __main__ | INFO | Бот запущен!
2025-09-25 12:38:25 | __main__ | INFO | Бот остановлен пользователем
2025-09-25 12:38:31 | __main__ | INFO | Бот запущен!
2025-09-25 12:39:18 | __main__ | INFO | Бот остановлен пользователем
2025-09-25 12:40:09 | __main__ | INFO | Бот запущен!
2025-09-25 12:44:06 | __main__ | INFO | Бот остановлен пользователем
2025-09-25 12:44:12 | __main__ | INFO | Бот запущен!
2025-09-25 12:47:47 | __main__ | INFO | Бот остановлен пользователем
2025-09-25 12:47:51 | __main__ | WARNING | 🚨 НАЧИНАЕМ ПОЛНУЮ ПЕРЕЗАГРУЗКУ БАЗЫ ДАННЫХ!
2025-09-25 12:47:51 | __main__ | WARNING | ⚠️  ВСЕ ДАННЫЕ БУДУТ УДАЛЕНЫ!
2025-09-25 12:47:51 | __main__ | INFO | 🗑️  Удаление всех таблиц...
2025-09-25 12:47:51 | __main__ | INFO | ✅ Все таблицы удалены
2025-09-25 12:47:51 | __main__ | INFO | 🏗️  Создание новых таблиц...
2025-09-25 12:47:51 | __main__ | INFO | ✅ Таблицы пересозданы
2025-09-25 12:47:51 | __main__ | INFO | 📋 Созданные таблицы: users, settlements, user_settings, user_settlements, settlers, professions, settler_resources, resources
2025-09-25 12:47:51 | __main__ | INFO | 🎉 База данных успешно перезагружена!
2025-09-25 12:47:51 | __main__ | INFO | ✨ Все данные очищены, схема пересоздана
2025-09-25 12:47:56 | __main__ | INFO | Бот запущен!
2025-09-25 12:51:36 | __main__ | INFO | Бот остановлен пользователем
2025-09-25 12:51:41 | __main__ | INFO | Бот запущен!
2025-09-25 13:24:21 | __main__ | INFO | Бот остановлен пользователем
2025-09-25 13:24:26 | __main__ | INFO | Бот запущен!
