2025-09-19 22:05:44 | core | DEBUG | ✅ Создан пользователь: 5195134444
2025-09-19 22:06:01 | core | DEBUG | -1003065205593 | ✅ Создано поселение: Settlements!
2025-09-19 22:06:01 | core | DEBUG | -1003065205593 | ✅ Создан поселец: 1
2025-09-19 22:06:26 | core | DEBUG | -1003065205593 | 1 | 🔄 Квота обновлена: 1/6
2025-09-19 22:06:33 | core | DEBUG | -1003065205593 | 1 | 🔄 Квота обновлена: 2/6
2025-09-19 22:10:57 | core | DEBUG | ✅ Создан пользователь: 5195134444
2025-09-19 22:10:57 | core | DEBUG | -1003065205593 | ✅ Создано поселение: Settlements!
2025-09-19 22:10:57 | core | DEBUG | -1003065205593 | ✅ Создан поселец: 1
2025-09-19 22:11:21 | core | DEBUG | -1003065205593 | 1 | 🔄 Квота обновлена: 1/6
2025-09-19 22:11:25 | core | DEBUG | -1003065205593 | 1 | 🔄 Квота обновлена: 2/6
2025-09-19 22:12:50 | core | DEBUG | ✅ Создан пользователь: 5195134444
2025-09-19 22:12:50 | core | DEBUG | -1003065205593 | ✅ Создано поселение: Settlements!
2025-09-19 22:12:50 | core | DEBUG | -1003065205593 | ✅ Создан поселец: 1
2025-09-19 22:14:38 | core | DEBUG | -1003065205593 | 1 | 🔄 Квота обновлена: 1/6
2025-09-19 22:18:06 | core | DEBUG | -1003065205593 | 1 | 🔄 Квота обновлена: 2/6
2025-09-19 22:18:39 | core | DEBUG | ✅ Создан пользователь: 1402328363
2025-09-19 22:18:39 | core | DEBUG | -1003065205593 | ✅ Создан поселец: 2
2025-09-19 22:18:44 | core | DEBUG | -1003065205593 | 2 | 🔄 Квота обновлена: 1/6
2025-09-19 22:19:08 | core | DEBUG | -1003065205593 | 1 | 🔄 Квота обновлена: 3/6
2025-09-19 22:19:44 | core | DEBUG | ✅ Создан пользователь: 5195134444
2025-09-19 22:19:44 | core | DEBUG | -1003065205593 | ✅ Создано поселение: Settlements!
2025-09-19 22:19:44 | core | DEBUG | -1003065205593 | ✅ Создан поселец: 1
2025-09-19 22:22:07 | core | DEBUG | -1003065205593 | 1 | 🔄 Квота обновлена: 1/6
2025-09-19 22:22:26 | core | DEBUG | -1003065205593 | 1 | 🔄 Квота обновлена: 2/6
2025-09-19 22:47:05 | core | DEBUG | ✅ Создан пользователь: 5195134444
2025-09-19 22:47:05 | core | DEBUG | -1003065205593 | ✅ Создано поселение: Settlements!
2025-09-19 22:47:05 | core | DEBUG | -1003065205593 | ✅ Создан поселец: 1
2025-09-19 22:49:40 | core | DEBUG | ✅ Создан пользователь: 5195134444
2025-09-19 22:49:40 | core | DEBUG | -1003065205593 | ✅ Создано поселение: Settlements!
2025-09-19 22:49:40 | core | DEBUG | -1003065205593 | ✅ Создан поселец: 1
2025-09-19 22:49:46 | core | DEBUG | -1003065205593 | 1 | 🔄 Квота обновлена: 1/6
2025-09-19 22:51:34 | core | DEBUG | ✅ Создан пользователь: 5195134444
2025-09-19 22:51:34 | core | DEBUG | -1003065205593 | ✅ Создано поселение: Settlements!
2025-09-19 22:51:34 | core | DEBUG | -1003065205593 | ✅ Создан поселец: 1
2025-09-19 22:52:07 | core | DEBUG | -1003065205593 | 1 | Добыто ресурсов: Зерно x4, Картофель x3
2025-09-19 22:59:08 | core | DEBUG | ✅ Создан пользователь: 5195134444
2025-09-19 22:59:08 | core | DEBUG | -1003065205593 | ✅ Создано поселение: Settlements!
2025-09-19 22:59:08 | core | DEBUG | -1003065205593 | ✅ Создан поселец: 1
2025-09-19 22:59:30 | core | DEBUG | -1003065205593 | 1 | Добыто ресурсов: Зерно x3, Картофель x4
2025-09-19 22:59:41 | core | DEBUG | ✅ Создан пользователь: 1402328363
2025-09-19 22:59:41 | core | DEBUG | -1003065205593 | ✅ Создан поселец: 2
2025-09-19 23:00:04 | core | DEBUG | -1003065205593 | 2 | 🔄 Квота обновлена: 1/6
2025-09-19 23:00:16 | core | DEBUG | -1003065205593 | 2 | 🔄 Квота обновлена: 2/6
2025-09-19 23:02:37 | core | DEBUG | ✅ Создан пользователь: 5195134444
2025-09-19 23:02:37 | core | DEBUG | ✅ Создан пользователь: 1402328363
2025-09-19 23:02:37 | core | DEBUG | -1003065205593 | ✅ Создано поселение: Settlements!
2025-09-19 23:02:37 | core | WARNING | Ошибка при создании поселения: (sqlalchemy.dialects.postgresql.asyncpg.IntegrityError) <class 'asyncpg.exceptions.UniqueViolationError'>: повторяющееся значение ключа нарушает ограничение уникальности "ix_settlements_chat_id"
DETAIL:  Ключ "(chat_id)=(-1003065205593)" уже существует.
[SQL: INSERT INTO settlements (chat_id, name, owner_id) VALUES ($1::BIGINT, $2::VARCHAR, $3::BIGINT) RETURNING settlements.id]
[parameters: (-1003065205593, 'Settlements!', 1)]
(Background on this error at: https://sqlalche.me/e/20/gkpj)
2025-09-19 23:02:37 | core | DEBUG | -1003065205593 | ✅ Найдено существующее поселение: Settlements!
2025-09-19 23:02:37 | core | DEBUG | -1003065205593 | ✅ Создан поселец: 1
2025-09-19 23:02:37 | core | DEBUG | -1003065205593 | ✅ Создан поселец: 2
2025-09-19 23:02:37 | core | WARNING | Ошибка при создании поселения: (sqlalchemy.dialects.postgresql.asyncpg.IntegrityError) <class 'asyncpg.exceptions.UniqueViolationError'>: повторяющееся значение ключа нарушает ограничение уникальности "ix_settlements_chat_id"
DETAIL:  Ключ "(chat_id)=(-1003065205593)" уже существует.
[SQL: INSERT INTO settlements (chat_id, name, owner_id) VALUES ($1::BIGINT, $2::VARCHAR, $3::BIGINT) RETURNING settlements.id]
[parameters: (-1003065205593, 'Settlements!', 1)]
(Background on this error at: https://sqlalche.me/e/20/gkpj)
2025-09-19 23:02:37 | core | DEBUG | -1003065205593 | ✅ Найдено существующее поселение: Settlements!
2025-09-19 23:02:55 | core | DEBUG | -1003065205593 | 1 | 🔄 Квота обновлена: 1/6
2025-09-19 23:02:59 | core | DEBUG | -1003065205593 | 1 | 🔄 Квота обновлена: 2/6
2025-09-20 12:51:19 | core | DEBUG | -1003065205593 | 1 | Добыто ресурсов: Зерно x4, Картофель x3, Грибы x4
2025-09-20 12:51:19 | core | DEBUG | -1003065205593 | 1 | Добыто ресурсов: Зерно x3, Картофель x3
2025-09-20 12:51:19 | core | DEBUG | -1003065205593 | 1 | Добыто ресурсов: Зерно x5, Картофель x5
2025-09-20 12:51:24 | core | DEBUG | -1003065205593 | 1 | Добыто ресурсов: Зерно x3, Грибы x3, Ягоды x4
2025-09-20 13:01:05 | core | DEBUG | -1003065205593 | 1 | Добыто ресурсов: Зерно x5, Ягоды x2
2025-09-20 13:03:51 | core | DEBUG | -1003065205593 | 2 | Добыто ресурсов: Грибы x3
2025-09-20 13:03:55 | core | DEBUG | -1003065205593 | 2 | Добыто ресурсов: Картофель x4
2025-09-20 13:03:58 | core | DEBUG | -1003065205593 | 2 | Добыто ресурсов: Картофель x4
2025-09-20 13:04:00 | core | DEBUG | -1003065205593 | 2 | Добыто ресурсов: Ягоды x4
2025-09-20 13:04:02 | core | DEBUG | -1003065205593 | 2 | Добыто ресурсов: Зерно x5, Картофель x3
2025-09-20 13:04:03 | core | DEBUG | -1003065205593 | 1 | 🔄 Квота обновлена: 3/6
2025-09-20 13:04:05 | core | DEBUG | -1003065205593 | 1 | 🔄 Квота обновлена: 4/6
2025-09-20 13:04:05 | core | DEBUG | -1003065205593 | 2 | Добыто ресурсов: Зерно x5, Картофель x5, Ягоды x2
2025-09-20 13:07:34 | core | DEBUG | -1003065205593 | 2 | 🔄 Квота обновлена: 1/6
2025-09-20 13:07:53 | core | DEBUG | -1003065205593 | 1 | Добыто ресурсов: Картофель x5
2025-09-20 13:07:53 | core | DEBUG | -1003065205593 | 1 | Добыто ресурсов: Зерно x3, Картофель x4
2025-09-20 13:07:59 | core | DEBUG | -1003065205593 | 1 | Добыто ресурсов: Зерно x5, Картофель x5, Ягоды x3
2025-09-20 13:08:27 | core | DEBUG | -1003065205593 | 1 | 🔄 Квота обновлена: 5/6
2025-09-20 13:08:38 | core | DEBUG | -1003065205593 | 1 | Добыто ресурсов: Зерно x3
2025-09-20 13:08:48 | core | DEBUG | -1003065205593 | 1 | Добыто ресурсов: Зерно x4, Грибы x4, Ягоды x4
2025-09-20 13:08:55 | core | DEBUG | -1003065205593 | 1 | 💰 Деньги получены: +2 (2)
2025-09-20 13:08:55 | core | DEBUG | -1003065205593 | 1 | 🗂 Опыт увеличен: +3.0 (3.0/7)
2025-09-20 13:08:55 | core | DEBUG | -1003065205593 | 1 | ✅ Квота выполнена: 0/6
2025-09-20 13:08:55 | core | DEBUG | -1003065205593 | 1 | 🔄 Квота обновлена: 0/6
2025-09-20 13:14:12 | core | DEBUG | -1003065205593 | 1 | Добыто ресурсов: Зерно x4
2025-09-22 10:56:41 | core | DEBUG | ✅ Создан пользователь: 5195134444
2025-09-22 10:56:43 | core | DEBUG | -1003065205593 | ✅ Создано поселение: Settlements!
2025-09-22 10:56:43 | core | DEBUG | -1003065205593 | ✅ Создан поселец: 1
2025-09-22 11:03:04 | core | DEBUG | -1003065205593 | 1 | 🔄 Квота обновлена: 1/6
2025-09-22 11:04:23 | core | DEBUG | -1003065205593 | 1 | 🔄 Квота обновлена: 2/6
2025-09-22 11:05:10 | core | DEBUG | -1003065205593 | 1 | 🔄 Квота обновлена: 3/6
2025-09-22 11:05:15 | core | DEBUG | -1003065205593 | 1 | 🔄 Квота обновлена: 4/6
2025-09-22 11:05:34 | core | DEBUG | -1003065205593 | 1 | 🔄 Квота обновлена: 5/6
2025-09-22 11:07:05 | core | DEBUG | -1003065205593 | 1 | 💰 Деньги получены: +4 (4)
2025-09-22 11:07:05 | core | DEBUG | -1003065205593 | 1 | 🗂 Опыт увеличен: +2.0 (2.0/7)
2025-09-22 11:07:05 | core | DEBUG | -1003065205593 | 1 | ✅ Квота выполнена: 0/6
2025-09-22 11:07:05 | core | DEBUG | -1003065205593 | 1 | 🔄 Квота обновлена: 0/6
2025-09-22 11:21:10 | core | DEBUG | ✅ Создан пользователь: 5195134444
2025-09-22 11:21:10 | core | DEBUG | -1003065205593 | ✅ Создано поселение: Settlements!
2025-09-22 11:21:10 | core | DEBUG | -1003065205593 | ✅ Создан поселец: 1
2025-09-22 12:34:00 | core | DEBUG | -1003065205593 | 1 | 🔄 Квота обновлена: 1/6
2025-09-22 12:51:17 | core | DEBUG | ✅ Создан пользователь: 1402328363
2025-09-22 12:51:17 | core | DEBUG | -1003065205593 | ✅ Создан поселец: 2
2025-09-22 12:51:17 | core | DEBUG | -1003065205593 | 2 | 🔄 Квота обновлена: 1/6
2025-09-22 12:51:48 | core | DEBUG | -1003065205593 | 1 | 🔄 Квота обновлена: 2/6
2025-09-22 12:51:58 | core | DEBUG | -1003065205593 | 1 | 🔄 Квота обновлена: 3/6
2025-09-22 12:52:04 | core | DEBUG | -1003065205593 | 1 | 🔄 Квота обновлена: 4/6
2025-09-22 12:52:09 | core | DEBUG | -1003065205593 | 2 | 🔄 Квота обновлена: 2/6
2025-09-22 12:52:14 | core | DEBUG | -1003065205593 | 2 | 🔄 Квота обновлена: 3/6
2025-09-22 12:52:22 | core | DEBUG | -1003065205593 | 2 | 🔄 Квота обновлена: 4/6
2025-09-22 12:52:27 | core | DEBUG | -1003065205593 | 2 | 🔄 Квота обновлена: 5/6
2025-09-22 14:02:33 | core | DEBUG | ✅ Создан пользователь: 5195134444
2025-09-22 14:02:33 | core | DEBUG | -1003065205593 | ✅ Создано поселение: Settlements!
2025-09-22 14:02:33 | core | DEBUG | -1003065205593 | ✅ Создан поселец: 1
2025-09-22 14:02:41 | core | DEBUG | -1003065205593 | 1 | 🔄 Квота обновлена: 1/6
2025-09-22 14:03:33 | core | DEBUG | -1003065205593 | 1 | 🔄 Квота обновлена: 2/6
2025-09-22 14:03:47 | core | DEBUG | -1003065205593 | 1 | 🔄 Квота обновлена: 3/6
2025-09-22 14:08:23 | core | DEBUG | -1003065205593 | 1 | 🔄 Квота обновлена: 4/6
2025-09-22 14:09:16 | core | DEBUG | -1003065205593 | 1 | 🔄 Квота обновлена: 5/6
2025-09-22 14:14:32 | core | DEBUG | ✅ Создан пользователь: 5195134444
2025-09-22 14:14:33 | core | DEBUG | -1003065205593 | ✅ Создано поселение: Settlements!
2025-09-22 14:14:33 | core | DEBUG | -1003065205593 | ✅ Создан поселец: 1
2025-09-22 14:15:29 | core | DEBUG | -1003065205593 | 1 | 🔄 Квота обновлена: 1/6
2025-09-22 14:21:40 | core | DEBUG | -1003065205593 | 1 | 🔄 Квота обновлена: 2/6
2025-09-22 14:21:48 | core | DEBUG | -1003065205593 | 1 | 🔄 Квота обновлена: 3/6
2025-09-22 14:24:36 | core | DEBUG | ✅ Создан пользователь: 1402328363
2025-09-22 14:24:36 | core | DEBUG | -1003065205593 | ✅ Создан поселец: 2
2025-09-22 14:25:07 | core | DEBUG | -1003065205593 | 2 | 🔄 Квота обновлена: 1/6
2025-09-22 14:25:26 | core | DEBUG | -1003065205593 | 1 | 🔄 Квота обновлена: 4/6
2025-09-22 14:25:56 | core | DEBUG | -1003065205593 | 2 | 🔄 Квота обновлена: 2/6
2025-09-22 14:26:00 | core | DEBUG | -1003065205593 | 1 | 🔄 Квота обновлена: 5/6
2025-09-22 14:26:01 | core | DEBUG | -1003065205593 | 2 | 🔄 Квота обновлена: 3/6
2025-09-22 14:26:06 | core | DEBUG | -1003065205593 | 2 | 🔄 Квота обновлена: 4/6
2025-09-22 14:26:11 | core | DEBUG | -1003065205593 | 1 | 💰 Деньги получены: +4 (4)
2025-09-22 14:26:11 | core | DEBUG | -1003065205593 | 1 | 🗂 Опыт увеличен: +2.0 (2.0/7)
2025-09-22 14:26:11 | core | DEBUG | -1003065205593 | 1 | ✅ Квота выполнена: 0/6
2025-09-22 14:26:11 | core | DEBUG | -1003065205593 | 1 | 🔄 Квота обновлена: 0/6
2025-09-22 14:27:12 | core | DEBUG | ✅ Создан пользователь: 5195134444
2025-09-22 14:27:12 | core | DEBUG | -1003065205593 | ✅ Создано поселение: Settlements!
2025-09-22 14:27:12 | core | DEBUG | -1003065205593 | ✅ Создан поселец: 1
2025-09-22 14:27:28 | core | DEBUG | -1003065205593 | 1 | 🔄 Квота обновлена: 1/6
2025-09-22 14:27:35 | core | DEBUG | ✅ Создан пользователь: 1402328363
2025-09-22 14:27:35 | core | DEBUG | -1003065205593 | ✅ Создан поселец: 2
2025-09-22 14:27:53 | core | DEBUG | -1003065205593 | 2 | 🔄 Квота обновлена: 1/6
2025-09-22 14:28:48 | core | DEBUG | -1003065205593 | 1 | 🔄 Квота обновлена: 2/6
2025-09-22 14:32:53 | core | DEBUG | ✅ Создан пользователь: 5195134444
2025-09-22 14:32:53 | core | DEBUG | -1003065205593 | ✅ Создано поселение: Settlements!
2025-09-22 14:32:53 | core | DEBUG | -1003065205593 | ✅ Создан поселец: 1
2025-09-22 14:33:17 | core | DEBUG | ✅ Создан пользователь: 1726907614
2025-09-22 14:33:17 | core | DEBUG | -1003065205593 | ✅ Создан поселец: 2
2025-09-22 14:33:17 | core | DEBUG | ✅ Создан пользователь: 1402328363
2025-09-22 14:33:17 | core | DEBUG | -1003065205593 | ✅ Создан поселец: 3
2025-09-22 14:33:41 | core | DEBUG | -1003065205593 | 3 | 🔄 Квота обновлена: 1/6
2025-09-22 14:33:47 | core | DEBUG | -1003065205593 | 3 | 🔄 Квота обновлена: 2/6
2025-09-22 14:33:51 | core | DEBUG | -1003065205593 | 1 | 🔄 Квота обновлена: 1/6
2025-09-22 14:33:56 | core | DEBUG | -1003065205593 | 1 | 🔄 Квота обновлена: 2/6
2025-09-22 14:34:05 | core | DEBUG | -1003065205593 | 1 | 🔄 Квота обновлена: 3/6
2025-09-22 14:36:44 | core | DEBUG | -1003065205593 | 1 | 🔄 Квота обновлена: 4/6
2025-09-22 14:36:47 | core | DEBUG | -1003065205593 | 1 | 🔄 Квота обновлена: 5/6
2025-09-22 14:37:03 | core | DEBUG | -1003065205593 | 1 | 💰 Деньги получены: +3 (3)
2025-09-22 14:37:03 | core | DEBUG | -1003065205593 | 1 | 🗂 Опыт увеличен: +2.0 (2.0/7)
2025-09-22 14:37:03 | core | DEBUG | -1003065205593 | 1 | ✅ Квота выполнена: 0/6
2025-09-22 14:37:03 | core | DEBUG | -1003065205593 | 1 | 🔄 Квота обновлена: 0/6
2025-09-22 14:47:50 | core | DEBUG | -1003065205593 | 2 | 🔄 Квота обновлена: 1/6
2025-09-22 14:47:53 | core | DEBUG | -1003065205593 | 2 | 🔄 Квота обновлена: 2/6
2025-09-22 15:03:02 | core | DEBUG | -1003065205593 | 3 | 🔄 Квота обновлена: 3/6
2025-09-22 15:07:17 | core | DEBUG | -1003065205593 | 3 | 🔄 Квота обновлена: 4/6
2025-09-22 15:07:19 | core | DEBUG | -1003065205593 | 3 | 🔄 Квота обновлена: 5/6
2025-09-22 15:08:44 | core | DEBUG | -1003065205593 | 3 | 💰 Деньги получены: +2 (2)
2025-09-22 15:08:44 | core | DEBUG | -1003065205593 | 3 | 🗂 Опыт увеличен: +3.0 (3.0/7)
2025-09-22 15:08:44 | core | DEBUG | -1003065205593 | 3 | ✅ Квота выполнена: 0/6
2025-09-22 15:08:44 | core | DEBUG | -1003065205593 | 3 | 🔄 Квота обновлена: 0/6
2025-09-22 15:41:02 | core | DEBUG | ✅ Создан пользователь: 5195134444
2025-09-22 15:41:02 | core | DEBUG | -1003065205593 | ✅ Создано поселение: Settlements!
2025-09-22 15:41:02 | core | DEBUG | -1003065205593 | ✅ Создан поселец: 1
2025-09-22 15:41:10 | core | DEBUG | ✅ Создан пользователь: 1402328363
2025-09-22 15:41:10 | core | DEBUG | -1003065205593 | ✅ Создан поселец: 2
2025-09-22 15:41:15 | core | DEBUG | -1003065205593 | 1 | 🔄 Квота обновлена: 1/6
2025-09-22 15:41:16 | core | DEBUG | -1003065205593 | 1 | 🔄 Квота обновлена: 2/6
2025-09-22 15:42:11 | core | DEBUG | -1003065205593 | 2 | 🔄 Квота обновлена: 1/6
2025-09-22 15:43:20 | core | DEBUG | -1003065205593 | 1 | 🔄 Квота обновлена: 3/6
2025-09-22 15:54:59 | core | DEBUG | ✅ Создан пользователь: 5195134444
2025-09-22 15:54:59 | core | DEBUG | -1003065205593 | ✅ Создано поселение: Settlements!
2025-09-22 15:54:59 | core | DEBUG | -1003065205593 | ✅ Создан поселец: 1
2025-09-22 16:02:29 | core | DEBUG | ✅ Создан пользователь: 5195134444
2025-09-22 16:02:29 | core | DEBUG | -1003065205593 | ✅ Создано поселение: Settlements!
2025-09-22 16:02:29 | core | DEBUG | -1003065205593 | ✅ Создан поселец: 1
2025-09-22 16:10:00 | core | DEBUG | ✅ Создан пользователь: 5195134444
2025-09-22 16:10:00 | core | DEBUG | -1003065205593 | ✅ Создано поселение: Settlements!
2025-09-22 16:10:00 | core | DEBUG | -1003065205593 | ✅ Создан поселец: 1
2025-09-22 16:10:23 | core | DEBUG | -1003065205593 | 1 | 🔄 Квота обновлена: 1/6
2025-09-22 16:10:25 | core | DEBUG | -1003065205593 | 1 | 🔄 Квота обновлена: 2/6
2025-09-22 16:10:53 | core | DEBUG | -1003065205593 | 1 | 🔄 Квота обновлена: 3/6
2025-09-22 16:11:39 | core | DEBUG | -1003065205593 | 1 | Добыто ресурсов: Лён x3
2025-09-22 16:12:37 | core | DEBUG | -1003065205593 | 1 | Добыто ресурсов: Лён x5
2025-09-22 16:12:58 | core | DEBUG | ✅ Создан пользователь: 1726907614
2025-09-22 16:12:58 | core | DEBUG | -1003065205593 | ✅ Создан поселец: 2
2025-09-22 16:13:44 | core | DEBUG | -1003065205593 | 2 | Добыто ресурсов: Лён x4
2025-09-22 16:13:58 | core | DEBUG | -1003065205593 | 1 | 🔄 Квота обновлена: 1/6
2025-09-22 16:14:39 | core | DEBUG | -1003065205593 | 1 | 🔄 Квота обновлена: 1/6
2025-09-22 16:15:21 | core | DEBUG | -1003065205593 | 1 | 🔄 Квота обновлена: 1/6
2025-09-22 16:15:27 | core | DEBUG | -1003065205593 | 1 | 🔄 Квота обновлена: 2/6
2025-09-22 16:15:54 | core | DEBUG | -1003065205593 | 1 | Добыто ресурсов: Лён x4
2025-09-22 16:15:58 | core | DEBUG | -1003065205593 | 1 | 🔄 Квота обновлена: 3/6
2025-09-22 16:16:00 | core | DEBUG | -1003065205593 | 1 | 🔄 Квота обновлена: 4/6
2025-09-22 16:17:49 | core | DEBUG | ✅ Создан пользователь: 1402328363
2025-09-22 16:17:49 | core | DEBUG | -1003065205593 | ✅ Создан поселец: 3
2025-09-22 16:22:19 | core | DEBUG | -1003065205593 | 3 | 🔄 Квота обновлена: 1/6
2025-09-22 16:22:23 | core | DEBUG | -1003065205593 | 3 | 🔄 Квота обновлена: 2/6
2025-09-22 16:22:25 | core | DEBUG | -1003065205593 | 3 | 🔄 Квота обновлена: 3/6
2025-09-22 16:22:51 | core | DEBUG | -1003065205593 | 3 | 🔄 Квота обновлена: 4/6
2025-09-22 16:22:58 | core | DEBUG | -1003065205593 | 3 | 🔄 Квота обновлена: 5/6
2025-09-22 16:24:41 | core | DEBUG | -1003065205593 | 1 | Добыто ресурсов: Лён x3
2025-09-22 16:25:02 | core | DEBUG | -1003065205593 | 3 | 🔄 Квота обновлена: 1/6
2025-09-22 16:25:10 | core | DEBUG | -1003065205593 | 3 | 🔄 Квота обновлена: 2/6
2025-09-22 16:25:29 | core | DEBUG | -1003065205593 | 3 | 🔄 Квота обновлена: 3/6
2025-09-22 16:27:22 | core | DEBUG | -1003065205593 | 1 | 🔄 Квота обновлена: 1/6
2025-09-22 16:27:29 | core | DEBUG | -1003065205593 | 1 | 🔄 Квота обновлена: 2/6
2025-09-22 16:27:51 | core | DEBUG | -1003065205593 | 3 | 🔄 Квота обновлена: 1/6
2025-09-22 16:28:08 | core | DEBUG | -1003065205593 | 3 | 🔄 Квота обновлена: 1/6
2025-09-22 16:28:18 | core | DEBUG | -1003065205593 | 3 | 🔄 Квота обновлена: 2/6
2025-09-22 16:30:05 | core | DEBUG | -1003065205593 | 3 | 🔄 Квота обновлена: 1/6
2025-09-22 16:30:22 | core | DEBUG | -1003065205593 | 3 | 🔄 Квота обновлена: 2/6
2025-09-22 16:30:52 | core | DEBUG | -1003065205593 | 1 | 🔄 Квота обновлена: 1/6
2025-09-22 16:42:26 | core | DEBUG | ✅ Создан пользователь: 5195134444
2025-09-22 16:42:26 | core | DEBUG | -1003065205593 | ✅ Создано поселение: Settlements!
2025-09-22 16:42:26 | core | DEBUG | -1003065205593 | ✅ Создан поселец: 1
2025-09-22 16:43:08 | core | DEBUG | -1003065205593 | 1 | 🔄 Квота обновлена: 1/6
2025-09-22 16:52:32 | core | DEBUG | ✅ Создан пользователь: 1402328363
2025-09-22 16:52:32 | core | DEBUG | -1003065205593 | ✅ Создан поселец: 2
2025-09-22 16:54:17 | core | DEBUG | -1003065205593 | 1 | Добыто ресурсов: Лён x5
2025-09-22 16:54:33 | core | DEBUG | ✅ Создан пользователь: 1726907614
2025-09-22 16:54:33 | core | DEBUG | -1003065205593 | ✅ Создан поселец: 3
2025-09-22 16:55:13 | core | DEBUG | -1003065205593 | 3 | Добыто ресурсов: Лён x4, Кора x3
2025-09-22 16:57:14 | core | DEBUG | -1003065205593 | 3 | 🔄 Квота обновлена: 1/6
2025-09-22 16:57:15 | core | DEBUG | -1003065205593 | 3 | 🔄 Квота обновлена: 2/6
2025-09-22 17:00:33 | core | DEBUG | -1003065205593 | 1 | Добыто ресурсов: Лён x3
2025-09-22 17:04:51 | core | DEBUG | -1003065205593 | 2 | Добыто ресурсов: Лён x4
2025-09-22 17:05:30 | core | DEBUG | -1003065205593 | 1 | 🔄 Квота обновлена: 1/6
2025-09-22 17:05:33 | core | DEBUG | -1003065205593 | 2 | 🔄 Квота обновлена: 1/6
2025-09-22 17:05:45 | core | DEBUG | -1003065205593 | 2 | 🔄 Квота обновлена: 1/6
2025-09-22 17:05:45 | core | DEBUG | -1003065205593 | 1 | 🔄 Квота обновлена: 1/6
2025-09-22 17:05:49 | core | DEBUG | -1003065205593 | 1 | 🔄 Квота обновлена: 2/6
2025-09-22 17:06:03 | core | DEBUG | -1003065205593 | 1 | 🔄 Квота обновлена: 3/6
2025-09-22 17:06:28 | core | DEBUG | -1003065205593 | 2 | 🔄 Квота обновлена: 2/6
2025-09-22 17:07:53 | core | DEBUG | -1003065205593 | 1 | 🔄 Квота обновлена: 1/6
2025-09-22 17:08:00 | core | DEBUG | -1003065205593 | 1 | 🔄 Квота обновлена: 2/6
2025-09-22 17:08:07 | core | DEBUG | -1003065205593 | 1 | 🔄 Квота обновлена: 3/6
2025-09-22 17:08:12 | core | DEBUG | -1003065205593 | 1 | 🔄 Квота обновлена: 4/6
2025-09-22 17:08:14 | core | DEBUG | -1003065205593 | 1 | 🔄 Квота обновлена: 5/6
2025-09-22 17:13:04 | core | DEBUG | -1003065205593 | 1 | Добыто ресурсов: Лён x5
2025-09-22 17:15:47 | core | DEBUG | -1003065205593 | 1 | 🔄 Квота обновлена: 1/6
2025-09-22 17:23:00 | core | DEBUG | -1003065205593 | 1 | 🔄 Квота обновлена: 2/6
2025-09-22 17:23:00 | core | DEBUG | -1003065205593 | 1 | 🔄 Квота обновлена: 2/6
2025-09-22 17:23:00 | core | DEBUG | -1003065205593 | 1 | 🔄 Квота обновлена: 3/6
2025-09-22 17:23:33 | core | DEBUG | -1003065205593 | 1 | Добыто ресурсов: Лён x5
2025-09-22 17:24:18 | core | DEBUG | -1003065205593 | 2 | Добыто ресурсов: Лён x4, Кора x1
2025-09-22 17:24:35 | core | DEBUG | -1003065205593 | 2 | 🔄 Квота обновлена: 1/6
2025-09-22 17:29:17 | core | DEBUG | -1003065205593 | 2 | Добыто ресурсов: Лён x5
2025-09-22 17:29:36 | core | DEBUG | -1003065205593 | 1 | 🔄 Квота обновлена: 1/6
2025-09-22 17:29:41 | core | DEBUG | -1003065205593 | 1 | 🔄 Квота обновлена: 2/6
2025-09-22 17:29:46 | core | DEBUG | -1003065205593 | 2 | 🔄 Квота обновлена: 1/6
2025-09-22 17:29:50 | core | DEBUG | -1003065205593 | 1 | 🔄 Квота обновлена: 3/6
2025-09-22 17:29:55 | core | DEBUG | -1003065205593 | 2 | 🔄 Квота обновлена: 2/6
2025-09-22 17:29:58 | core | DEBUG | -1003065205593 | 2 | 🔄 Квота обновлена: 3/6
2025-09-22 17:30:03 | core | DEBUG | -1003065205593 | 1 | 🔄 Квота обновлена: 1/6
2025-09-22 17:30:11 | core | DEBUG | -1003065205593 | 1 | 🔄 Квота обновлена: 2/6
2025-09-22 17:30:12 | core | DEBUG | -1003065205593 | 2 | 🔄 Квота обновлена: 1/6
2025-09-22 17:30:20 | core | DEBUG | -1003065205593 | 2 | 🔄 Квота обновлена: 2/6
2025-09-22 17:30:24 | core | DEBUG | -1003065205593 | 2 | 🔄 Квота обновлена: 3/6
2025-09-22 17:30:27 | core | DEBUG | -1003065205593 | 1 | 🔄 Квота обновлена: 3/6
2025-09-22 17:30:28 | core | DEBUG | -1003065205593 | 2 | 🔄 Квота обновлена: 4/6
2025-09-22 17:30:37 | core | DEBUG | -1003065205593 | 2 | 🔄 Квота обновлена: 5/6
2025-09-22 17:30:39 | core | DEBUG | -1003065205593 | 2 | 💰 Деньги получены: +4 (4)
2025-09-22 17:30:39 | core | DEBUG | -1003065205593 | 2 | 🗂 Опыт увеличен: +2.0 (2.0/7)
2025-09-22 17:30:39 | core | DEBUG | -1003065205593 | 2 | ✅ Квота выполнена: 0/6
2025-09-22 17:30:39 | core | DEBUG | -1003065205593 | 2 | 🔄 Квота обновлена: 0/6
2025-09-22 17:30:40 | core | DEBUG | -1003065205593 | 1 | 🔄 Квота обновлена: 4/6
2025-09-22 17:30:45 | core | DEBUG | -1003065205593 | 1 | 🔄 Квота обновлена: 5/6
2025-09-22 17:31:20 | core | DEBUG | -1003065205593 | 1 | 🔄 Квота обновлена: 1/6
2025-09-22 17:31:49 | core | DEBUG | -1003065205593 | 1 | 🔄 Квота обновлена: 2/6
2025-09-22 17:31:51 | core | DEBUG | -1003065205593 | 1 | 🔄 Квота обновлена: 3/6
2025-09-22 17:31:54 | core | DEBUG | -1003065205593 | 2 | 🔄 Квота обновлена: 1/6
2025-09-22 17:31:58 | core | DEBUG | -1003065205593 | 2 | 🔄 Квота обновлена: 2/6
2025-09-22 17:32:27 | core | DEBUG | -1003065205593 | 2 | Добыто ресурсов: Лён x4
2025-09-22 17:33:07 | core | DEBUG | -1003065205593 | 1 | 🔄 Квота обновлена: 1/6
2025-09-22 17:33:13 | core | DEBUG | -1003065205593 | 1 | 🔄 Квота обновлена: 2/6
2025-09-22 17:33:17 | core | DEBUG | -1003065205593 | 1 | 🔄 Квота обновлена: 3/6
2025-09-22 17:33:18 | core | DEBUG | -1003065205593 | 1 | 🔄 Квота обновлена: 4/6
2025-09-22 17:33:19 | core | DEBUG | -1003065205593 | 1 | 🔄 Квота обновлена: 5/6
2025-09-22 17:34:04 | core | DEBUG | -1003065205593 | 1 | 🔄 Квота обновлена: 1/6
2025-09-22 17:34:18 | core | DEBUG | -1003065205593 | 1 | 🔄 Квота обновлена: 2/6
2025-09-22 17:34:53 | core | DEBUG | -1003065205593 | 2 | 🔄 Квота обновлена: 1/6
2025-09-22 17:35:13 | core | DEBUG | -1003065205593 | 2 | 🔄 Квота обновлена: 1/6
2025-09-22 17:39:26 | core | DEBUG | -1003065205593 | 1 | 🔄 Квота обновлена: 1/6
2025-09-22 17:54:11 | core | DEBUG | -1003065205593 | 1 | 🔄 Квота обновлена: 1/6
2025-09-22 17:54:30 | core | DEBUG | -1003065205593 | 1 | 🔄 Квота обновлена: 2/6
2025-09-22 17:54:35 | core | DEBUG | -1003065205593 | 2 | 🔄 Квота обновлена: 1/6
2025-09-22 17:54:46 | core | DEBUG | -1003065205593 | 2 | 🔄 Квота обновлена: 2/6
2025-09-22 17:54:48 | core | DEBUG | -1003065205593 | 2 | 🔄 Квота обновлена: 3/6
2025-09-22 17:54:49 | core | DEBUG | -1003065205593 | 1 | 🔄 Квота обновлена: 3/6
2025-09-22 17:54:51 | core | DEBUG | -1003065205593 | 2 | 🔄 Квота обновлена: 4/6
2025-09-22 17:54:54 | core | DEBUG | -1003065205593 | 1 | 🔄 Квота обновлена: 4/6
2025-09-22 17:55:06 | core | DEBUG | -1003065205593 | 1 | 🔄 Квота обновлена: 1/6
2025-09-22 17:55:14 | core | DEBUG | -1003065205593 | 1 | 🔄 Квота обновлена: 2/6
2025-09-22 17:55:18 | core | DEBUG | -1003065205593 | 2 | 🔄 Квота обновлена: 1/6
2025-09-22 17:55:22 | core | DEBUG | -1003065205593 | 2 | 🔄 Квота обновлена: 2/6
2025-09-22 17:55:23 | core | DEBUG | -1003065205593 | 1 | 🔄 Квота обновлена: 3/6
2025-09-22 17:55:46 | core | DEBUG | -1003065205593 | 1 | 🔄 Квота обновлена: 4/6
2025-09-22 17:56:59 | core | DEBUG | -1003065205593 | 1 | 🔄 Квота обновлена: 1/6
2025-09-22 17:57:12 | core | DEBUG | -1003065205593 | 2 | 🔄 Квота обновлена: 1/6
2025-09-22 17:57:16 | core | DEBUG | -1003065205593 | 2 | 🔄 Квота обновлена: 2/6
2025-09-22 17:57:16 | core | DEBUG | -1003065205593 | 1 | 🔄 Квота обновлена: 2/6
2025-09-22 17:57:25 | core | DEBUG | -1003065205593 | 1 | 🔄 Квота обновлена: 3/6
2025-09-22 17:57:31 | core | DEBUG | -1003065205593 | 2 | 🔄 Квота обновлена: 3/6
2025-09-22 17:57:34 | core | DEBUG | -1003065205593 | 2 | 🔄 Квота обновлена: 4/6
2025-09-22 17:59:14 | core | DEBUG | -1003065205593 | 2 | 🔄 Квота обновлена: 1/6
2025-09-22 17:59:14 | core | DEBUG | -1003065205593 | 1 | 🔄 Квота обновлена: 1/6
2025-09-22 18:02:47 | core | DEBUG | ✅ Создан пользователь: 919429717
2025-09-22 18:02:47 | core | DEBUG | ✅ Создан пользователь: 5195134444
2025-09-22 18:02:47 | core | DEBUG | -1003065205593 | ✅ Создано поселение: Settlements!
2025-09-22 18:02:47 | core | DEBUG | -1003065205593 | ✅ Создан поселец: 1
2025-09-22 18:02:57 | core | DEBUG | -1003065205593 | ✅ Создан поселец: 2
2025-09-22 18:03:25 | core | DEBUG | ✅ Создан пользователь: 5768545131
2025-09-22 18:03:25 | core | DEBUG | -1003065205593 | ✅ Создан поселец: 3
2025-09-22 18:03:34 | core | DEBUG | -1003065205593 | 3 | 🔄 Квота обновлена: 1/6
2025-09-22 18:04:43 | core | DEBUG | -1003065205593 | 1 | 🔄 Квота обновлена: 1/6
2025-09-22 18:05:20 | core | DEBUG | -1003065205593 | 2 | 🔄 Квота обновлена: 1/6
2025-09-22 18:05:40 | core | DEBUG | -1003065205593 | 2 | 🔄 Квота обновлена: 2/6
2025-09-22 18:05:51 | core | DEBUG | -1003065205593 | 2 | 🔄 Квота обновлена: 3/6
2025-09-22 18:06:49 | core | DEBUG | -1003065205593 | 1 | 🔄 Квота обновлена: 2/6
2025-09-22 18:06:52 | core | DEBUG | -1003065205593 | 1 | 🔄 Квота обновлена: 3/6
2025-09-22 18:07:35 | core | DEBUG | -1003065205593 | 2 | 🔄 Квота обновлена: 4/6
2025-09-22 18:08:19 | core | DEBUG | -1003065205593 | 1 | 🔄 Квота обновлена: 4/6
2025-09-22 18:08:29 | core | DEBUG | -1003065205593 | 2 | 🔄 Квота обновлена: 5/6
2025-09-22 18:08:47 | core | DEBUG | -1003065205593 | 2 | 💰 Деньги получены: +3 (3)
2025-09-22 18:08:47 | core | DEBUG | -1003065205593 | 2 | 🗂 Опыт увеличен: +1.0 (1.0/7)
2025-09-22 18:08:47 | core | DEBUG | -1003065205593 | 2 | ✅ Квота выполнена: 0/6
2025-09-22 18:08:47 | core | DEBUG | -1003065205593 | 2 | 🔄 Квота обновлена: 0/6
2025-09-22 18:09:33 | core | DEBUG | -1003065205593 | 1 | 🔄 Квота обновлена: 5/6
2025-09-22 18:11:21 | core | DEBUG | -1003065205593 | 1 | 💰 Деньги получены: +4 (4)
2025-09-22 18:11:21 | core | DEBUG | -1003065205593 | 1 | 🗂 Опыт увеличен: +1.0 (1.0/7)
2025-09-22 18:11:21 | core | DEBUG | -1003065205593 | 1 | ✅ Квота выполнена: 0/6
2025-09-22 18:11:21 | core | DEBUG | -1003065205593 | 1 | 🔄 Квота обновлена: 0/6
2025-09-22 18:12:15 | core | DEBUG | -1003065205593 | 3 | 🔄 Квота обновлена: 2/6
2025-09-22 18:14:54 | core | DEBUG | -1003065205593 | 1 | 🔄 Квота обновлена: 1/8
2025-09-22 18:15:40 | core | DEBUG | -1003065205593 | 1 | 🔄 Квота обновлена: 2/8
2025-09-22 18:16:02 | core | DEBUG | -1003065205593 | 1 | 🔄 Квота обновлена: 3/8
2025-09-22 18:22:03 | core | DEBUG | ✅ Создан пользователь: 432591687
2025-09-22 18:22:03 | core | DEBUG | -1003065205593 | ✅ Создан поселец: 4
2025-09-22 18:22:10 | core | DEBUG | -1003065205593 | 3 | 🔄 Квота обновлена: 3/6
2025-09-22 18:22:43 | core | DEBUG | -1003065205593 | 4 | 🔄 Квота обновлена: 1/6
2025-09-22 18:22:45 | core | DEBUG | -1003065205593 | 4 | 🔄 Квота обновлена: 2/6
2025-09-22 18:23:39 | core | DEBUG | -1003065205593 | 1 | 🔄 Квота обновлена: 4/8
2025-09-22 18:24:00 | core | DEBUG | -1003065205593 | 1 | 🔄 Квота обновлена: 5/8
2025-09-22 18:24:27 | core | DEBUG | -1003065205593 | 1 | 🔄 Квота обновлена: 6/8
2025-09-22 18:26:54 | core | DEBUG | -1003065205593 | 3 | 🔄 Квота обновлена: 4/6
2025-09-22 18:27:42 | core | DEBUG | -1003065205593 | 1 | 🔄 Квота обновлена: 7/8
2025-09-22 18:27:48 | core | DEBUG | -1003065205593 | 3 | 🔄 Квота обновлена: 5/6
2025-09-22 18:27:55 | core | DEBUG | -1003065205593 | 3 | 💰 Деньги получены: +4 (4)
2025-09-22 18:27:55 | core | DEBUG | -1003065205593 | 3 | 🗂 Опыт увеличен: +3.0 (3.0/7)
2025-09-22 18:27:55 | core | DEBUG | -1003065205593 | 3 | ✅ Квота выполнена: 0/6
2025-09-22 18:27:55 | core | DEBUG | -1003065205593 | 3 | 🔄 Квота обновлена: 0/6
2025-09-22 18:29:00 | core | DEBUG | -1003065205593 | 1 | 💰 Деньги получены: +2 (6)
2025-09-22 18:29:00 | core | DEBUG | -1003065205593 | 1 | 🗂 Опыт увеличен: +0.4 (1.4/7)
2025-09-22 18:29:01 | core | DEBUG | -1003065205593 | 1 | ✅ Квота выполнена: 0/8
2025-09-22 18:29:01 | core | DEBUG | -1003065205593 | 1 | 🔄 Квота обновлена: 0/8
2025-09-22 18:38:09 | core | DEBUG | -1003065205593 | 4 | 🔄 Квота обновлена: 3/6
2025-09-22 18:38:15 | core | DEBUG | -1003065205593 | 4 | 🔄 Квота обновлена: 4/6
2025-09-22 18:39:23 | core | DEBUG | -1003065205593 | 4 | 🔄 Квота обновлена: 5/6
2025-09-22 18:41:18 | core | DEBUG | -1003065205593 | 3 | 🗂 Опыт увеличен: +2 (5/7)
2025-09-22 18:41:18 | core | DEBUG | -1003065205593 | 3 | Добыто ресурсов: Лён x5
2025-09-22 18:56:56 | core | DEBUG | ✅ Создан пользователь: 1402328363
2025-09-22 18:57:15 | core | DEBUG | -1003065205593 | ✅ Создан поселец: 5
2025-09-22 18:57:15 | core | DEBUG | -1003065205593 | 5 | 🔄 Квота обновлена: 1/6
2025-09-22 18:57:18 | core | DEBUG | -1003065205593 | 5 | 🔄 Квота обновлена: 2/6
2025-09-22 18:57:37 | core | DEBUG | -1003065205593 | 5 | 🔄 Квота обновлена: 3/6
2025-09-22 19:14:28 | core | DEBUG | -1003065205593 | 4 | 🗂 Опыт увеличен: +2 (2/7)
2025-09-22 19:14:28 | core | DEBUG | -1003065205593 | 4 | Добыто ресурсов: Лён x5
2025-09-22 19:16:50 | core | DEBUG | -1003065205593 | 4 | 💰 Деньги получены: +2 (2)
2025-09-22 19:16:50 | core | DEBUG | -1003065205593 | 4 | 🗂 Опыт увеличен: +3.0 (5.0/7)
2025-09-22 19:16:50 | core | DEBUG | -1003065205593 | 4 | ✅ Квота выполнена: 0/6
2025-09-22 19:16:50 | core | DEBUG | -1003065205593 | 4 | 🔄 Квота обновлена: 0/6
2025-09-22 19:18:08 | core | DEBUG | -1003065205593 | 1 | 🗂 Опыт увеличен: +2 (3/7)
2025-09-22 19:18:08 | core | DEBUG | -1003065205593 | 1 | Добыто ресурсов: Лён x3
2025-09-22 19:24:42 | core | DEBUG | -1003065205593 | 1 | 🔄 Квота обновлена: 1/10
2025-09-22 19:29:41 | core | DEBUG | -1003065205593 | 1 | 🔄 Квота обновлена: 2/10
2025-09-22 19:30:24 | core | DEBUG | -1003065205593 | 1 | 🔄 Квота обновлена: 3/10
2025-09-22 19:37:19 | core | DEBUG | -1003065205593 | 3 | 🔄 Квота обновлена: 1/8
2025-09-22 19:41:27 | core | DEBUG | -1003065205593 | 3 | 🔄 Квота обновлена: 2/8
2025-09-22 19:45:36 | core | DEBUG | -1003065205593 | 3 | 🔄 Квота обновлена: 3/8
2025-09-22 19:46:39 | core | DEBUG | ✅ Создан пользователь: 1726907614
2025-09-22 19:46:39 | core | DEBUG | -1003065205593 | ✅ Создан поселец: 6
2025-09-22 19:47:46 | core | DEBUG | -1003065205593 | 3 | 🗂 Опыт увеличен: +2 (7/7)
2025-09-22 19:47:46 | core | DEBUG | -1003065205593 | 3 | ⬆️ Новый уровень: 1
2025-09-22 19:47:46 | core | DEBUG | -1003065205593 | 3 | Добыто ресурсов: Лён x3
2025-09-22 19:50:15 | core | DEBUG | -1003065205593 | 6 | 🔄 Квота обновлена: 1/6
2025-09-22 19:52:00 | core | DEBUG | -1003065205593 | 2 | 🗂 Опыт увеличен: +1 (2/7)
2025-09-22 19:52:00 | core | DEBUG | -1003065205593 | 2 | Добыто ресурсов: Лён x3
2025-09-22 19:53:16 | core | DEBUG | -1003065205593 | 2 | 🗂 Опыт увеличен: +2 (4/7)
2025-09-22 19:53:16 | core | DEBUG | -1003065205593 | 2 | Добыто ресурсов: Лён x4
2025-09-22 19:54:05 | core | DEBUG | -1003065205593 | 2 | 🗂 Опыт увеличен: +2 (6/7)
2025-09-22 19:54:05 | core | DEBUG | -1003065205593 | 2 | Добыто ресурсов: Лён x3
2025-09-22 19:54:10 | core | DEBUG | -1003065205593 | 2 | 🔄 Квота обновлена: 1/6
2025-09-22 19:54:13 | core | DEBUG | -1003065205593 | 2 | 🔄 Квота обновлена: 2/6
2025-09-22 19:54:43 | core | DEBUG | -1003065205593 | 3 | 🔄 Квота обновлена: 1/7
2025-09-22 19:55:02 | core | DEBUG | -1003065205593 | 2 | 🗂 Опыт увеличен: +2 (8/7)
2025-09-22 19:55:02 | core | DEBUG | -1003065205593 | 2 | ⬆️ Новый уровень: 1
2025-09-22 19:55:02 | core | DEBUG | -1003065205593 | 2 | Добыто ресурсов: Кора x2
2025-09-22 19:55:54 | core | DEBUG | -1003065205593 | 3 | 🗂 Опыт увеличен: +1 (1/9)
2025-09-22 19:55:54 | core | DEBUG | -1003065205593 | 3 | Добыто ресурсов: Лён x4
2025-09-22 19:58:05 | core | DEBUG | -1003065205593 | 2 | 🗂 Опыт увеличен: +1 (2/9)
2025-09-22 19:58:05 | core | DEBUG | -1003065205593 | 2 | Добыто ресурсов: Лён x3
2025-09-22 20:00:02 | core | DEBUG | -1003065205593 | 2 | 🔄 Квота обновлена: 1/7
2025-09-22 20:01:15 | core | DEBUG | -1003065205593 | 2 | 🗂 Опыт увеличен: +1 (3/9)
2025-09-22 20:01:15 | core | DEBUG | -1003065205593 | 2 | Добыто ресурсов: Лён x4
2025-09-22 20:03:37 | core | DEBUG | -1003065205593 | 2 | 🗂 Опыт увеличен: +1 (4/9)
2025-09-22 20:03:37 | core | DEBUG | -1003065205593 | 2 | Добыто ресурсов: Лён x3
2025-09-22 20:04:16 | core | DEBUG | -1003065205593 | 3 | 🔄 Квота обновлена: 1/7
2025-09-22 20:04:40 | core | DEBUG | -1003065205593 | 3 | 🔄 Квота обновлена: 1/7
2025-09-22 20:04:43 | core | DEBUG | -1003065205593 | 2 | 🔄 Квота обновлена: 1/7
2025-09-22 20:04:46 | core | DEBUG | -1003065205593 | 3 | 🔄 Квота обновлена: 2/7
2025-09-22 20:05:28 | core | DEBUG | -1003065205593 | 3 | 🗂 Опыт увеличен: +2 (3/9)
2025-09-22 20:05:28 | core | DEBUG | -1003065205593 | 3 | Добыто ресурсов: Лён x4
2025-09-22 20:05:41 | core | DEBUG | -1003065205593 | 2 | 🔄 Квота обновлена: 1/7
2025-09-22 20:06:05 | core | DEBUG | -1003065205593 | 2 | 🗂 Опыт увеличен: +1 (5/9)
2025-09-22 20:06:05 | core | DEBUG | -1003065205593 | 2 | Добыто ресурсов: Лён x3
2025-09-22 20:06:58 | core | DEBUG | -1003065205593 | 2 | 🔄 Квота обновлена: 1/7
2025-09-22 20:07:01 | core | DEBUG | -1003065205593 | 2 | 🔄 Квота обновлена: 2/7
2025-09-22 20:08:55 | core | DEBUG | -1003065205593 | 2 | 🗂 Опыт увеличен: +1 (6/9)
2025-09-22 20:08:55 | core | DEBUG | -1003065205593 | 2 | Добыто ресурсов: Лён x5, Кора x1
2025-09-22 20:09:05 | core | DEBUG | -1003065205593 | 2 | 🔄 Квота обновлена: 1/7
2025-09-22 20:09:32 | core | DEBUG | -1003065205593 | 2 | 🔄 Квота обновлена: 2/7
2025-09-22 20:23:01 | core | DEBUG | -1003065205593 | 2 | 🗂 Опыт увеличен: +1 (7/9)
2025-09-22 20:23:01 | core | DEBUG | -1003065205593 | 2 | Добыто ресурсов: Отвар x1
2025-09-22 20:49:49 | core | DEBUG | -1003065205593 | 1 | 🔄 Квота обновлена: 1/6
2025-09-22 20:50:36 | core | DEBUG | -1003065205593 | 1 | 🗂 Опыт увеличен: +1 (4/7)
2025-09-22 20:50:36 | core | DEBUG | -1003065205593 | 1 | Добыто ресурсов: Лён x4
2025-09-22 21:13:03 | core | DEBUG | -1003065205593 | 2 | 🔄 Квота обновлена: 1/7
2025-09-22 21:13:15 | core | DEBUG | ✅ Создан пользователь: 5195134444
2025-09-22 21:13:15 | core | DEBUG | -1003065205593 | ✅ Создано поселение: Settlements!
2025-09-22 21:13:15 | core | DEBUG | -1003065205593 | ✅ Создан поселец: 1
2025-09-22 21:13:38 | core | DEBUG | Созданы настройки для пользователя 5195134444
2025-09-22 21:15:02 | core | DEBUG | ✅ Создан пользователь: 5195134444
2025-09-22 21:15:02 | core | DEBUG | -1003065205593 | ✅ Создано поселение: Settlements!
2025-09-22 21:15:02 | core | DEBUG | -1003065205593 | ✅ Создан поселец: 1
2025-09-22 21:15:02 | core | DEBUG | Созданы настройки для пользователя 5195134444
2025-09-22 21:16:23 | core | DEBUG | ✅ Создан пользователь: 919429717
2025-09-22 21:16:23 | core | DEBUG | -1003065205593 | ✅ Создан поселец: 2
2025-09-22 21:16:23 | core | DEBUG | Созданы настройки для пользователя 919429717
2025-09-22 21:17:36 | core | DEBUG | ✅ Создан пользователь: 1402328363
2025-09-22 21:17:36 | core | DEBUG | -1003065205593 | ✅ Создан поселец: 3
2025-09-22 21:17:36 | core | DEBUG | Созданы настройки для пользователя 1402328363
2025-09-22 21:19:23 | core | DEBUG | ✅ Создан пользователь: 5195134444
2025-09-22 21:19:23 | core | DEBUG | -1003065205593 | ✅ Создано поселение: Settlements!
2025-09-22 21:19:23 | core | DEBUG | -1003065205593 | ✅ Создан поселец: 1
2025-09-22 21:19:27 | core | DEBUG | ✅ Создан пользователь: 1402328363
2025-09-22 21:19:34 | core | DEBUG | -1003065205593 | ✅ Создан поселец: 2
2025-09-22 21:19:34 | core | DEBUG | -1003065205593 | 2 | 🔄 Квота обновлена: 1/6
2025-09-22 21:19:34 | core | DEBUG | ✅ Создан пользователь: 919429717
2025-09-22 21:19:34 | core | DEBUG | -1003065205593 | ✅ Создан поселец: 3
2025-09-22 21:19:36 | core | DEBUG | -1003065205593 | 2 | 🔄 Квота обновлена: 2/6
2025-09-22 21:19:53 | core | DEBUG | -1003065205593 | 3 | 🔄 Квота обновлена: 1/6
2025-09-22 21:20:02 | core | DEBUG | -1003065205593 | 1 | 🗂 Опыт увеличен: +2 (2/7)
2025-09-22 21:20:02 | core | DEBUG | -1003065205593 | 1 | Добыто ресурсов: Картофель x5, Грибы x4, Ягоды x4
2025-09-22 21:20:19 | core | DEBUG | -1003065205593 | 3 | 🔄 Квота обновлена: 2/6
2025-09-22 21:20:25 | core | DEBUG | Созданы настройки для пользователя 919429717
2025-09-22 21:20:35 | core | DEBUG | -1003065205593 | 1 | 🔄 Квота обновлена: 1/6
2025-09-22 21:20:52 | core | DEBUG | -1003065205593 | 3 | 🗂 Опыт увеличен: +1 (1/7)
2025-09-22 21:20:52 | core | DEBUG | -1003065205593 | 3 | Добыто ресурсов: Зерно x5, Грибы x4
2025-09-22 21:21:20 | core | DEBUG | -1003065205593 | 3 | 🔄 Квота обновлена: 1/6
2025-09-22 21:21:26 | core | DEBUG | -1003065205593 | 2 | 🔄 Квота обновлена: 1/6
2025-09-22 21:21:29 | core | DEBUG | -1003065205593 | 3 | 🔄 Квота обновлена: 1/6
2025-09-22 21:21:34 | core | DEBUG | -1003065205593 | 3 | 🔄 Квота обновлена: 2/6
2025-09-22 21:21:34 | core | DEBUG | -1003065205593 | 2 | 🔄 Квота обновлена: 2/6
2025-09-22 21:21:39 | core | DEBUG | -1003065205593 | 1 | 🔄 Квота обновлена: 1/6
2025-09-22 21:21:42 | core | DEBUG | -1003065205593 | 2 | 🔄 Квота обновлена: 3/6
2025-09-22 21:21:44 | core | DEBUG | -1003065205593 | 2 | 🔄 Квота обновлена: 4/6
2025-09-22 21:21:45 | core | DEBUG | -1003065205593 | 1 | 🔄 Квота обновлена: 2/6
2025-09-22 21:21:47 | core | DEBUG | -1003065205593 | 2 | 🔄 Квота обновлена: 5/6
2025-09-22 21:21:55 | core | DEBUG | -1003065205593 | 1 | 🔄 Квота обновлена: 3/6
2025-09-22 21:22:04 | core | DEBUG | -1003065205593 | 2 | 💰 Деньги получены: +4 (4)
2025-09-22 21:22:04 | core | DEBUG | -1003065205593 | 2 | 🗂 Опыт увеличен: +1.0 (1.0/7)
2025-09-22 21:22:04 | core | DEBUG | -1003065205593 | 2 | ✅ Квота выполнена: 0/6
2025-09-22 21:22:04 | core | DEBUG | -1003065205593 | 2 | 🔄 Квота обновлена: 0/6
2025-09-22 21:22:24 | core | DEBUG | -1003065205593 | 1 | 🔄 Квота обновлена: 1/6
2025-09-22 21:22:34 | core | DEBUG | -1003065205593 | 1 | 🔄 Квота обновлена: 2/6
2025-09-22 21:22:37 | core | DEBUG | -1003065205593 | 1 | 🔄 Квота обновлена: 3/6
2025-09-22 21:22:41 | core | DEBUG | -1003065205593 | 3 | 🗂 Опыт увеличен: +2 (3/7)
2025-09-22 21:22:41 | core | DEBUG | -1003065205593 | 3 | Добыто ресурсов: Лён x4
2025-09-22 21:22:53 | core | DEBUG | -1003065205593 | 2 | 🔄 Квота обновлена: 1/6
2025-09-22 21:23:00 | core | DEBUG | -1003065205593 | 2 | 🔄 Квота обновлена: 2/6
2025-09-22 21:23:04 | core | DEBUG | -1003065205593 | 1 | 🔄 Квота обновлена: 4/6
2025-09-22 21:23:09 | core | DEBUG | -1003065205593 | 2 | 🔄 Квота обновлена: 3/6
2025-09-22 21:23:16 | core | DEBUG | -1003065205593 | 1 | 🔄 Квота обновлена: 5/6
2025-09-22 21:23:43 | core | DEBUG | -1003065205593 | 1 | 🔄 Квота обновлена: 1/6
2025-09-22 21:24:43 | core | DEBUG | -1003065205593 | 1 | 🔄 Квота обновлена: 1/6
2025-09-22 21:24:52 | core | DEBUG | -1003065205593 | 1 | 🔄 Квота обновлена: 2/6
2025-09-22 21:24:56 | core | DEBUG | -1003065205593 | 1 | 🔄 Квота обновлена: 3/6
2025-09-22 21:26:23 | core | DEBUG | -1003065205593 | 1 | 🔄 Квота обновлена: 1/6
2025-09-22 21:26:41 | core | DEBUG | -1003065205593 | 1 | 🔄 Квота обновлена: 2/6
2025-09-22 21:26:53 | core | DEBUG | -1003065205593 | 1 | 🔄 Квота обновлена: 3/6
2025-09-22 21:27:13 | core | DEBUG | -1003065205593 | 2 | 🔄 Квота обновлена: 1/6
2025-09-22 21:27:13 | core | DEBUG | -1003065205593 | 3 | 🔄 Квота обновлена: 1/6
2025-09-22 21:27:15 | core | DEBUG | -1003065205593 | 1 | 🔄 Квота обновлена: 4/6
2025-09-22 21:27:18 | core | DEBUG | -1003065205593 | 2 | 🔄 Квота обновлена: 2/6
2025-09-22 21:27:23 | core | DEBUG | -1003065205593 | 1 | 🔄 Квота обновлена: 1/6
2025-09-22 21:27:26 | core | DEBUG | -1003065205593 | 2 | 🔄 Квота обновлена: 1/6
2025-09-22 21:27:32 | core | DEBUG | -1003065205593 | 1 | 🔄 Квота обновлена: 2/6
2025-09-22 21:27:46 | core | DEBUG | -1003065205593 | 2 | 🔄 Квота обновлена: 2/6
2025-09-22 21:28:30 | core | DEBUG | -1003065205593 | 2 | 🔄 Квота обновлена: 1/6
2025-09-22 21:28:31 | core | DEBUG | -1003065205593 | 1 | 🔄 Квота обновлена: 1/6
2025-09-22 21:28:33 | core | DEBUG | -1003065205593 | 1 | 🔄 Квота обновлена: 2/6
2025-09-22 21:28:36 | core | DEBUG | -1003065205593 | 2 | 🔄 Квота обновлена: 2/6
2025-09-22 21:28:50 | core | DEBUG | -1003065205593 | 1 | 🔄 Квота обновлена: 3/6
2025-09-22 21:29:05 | core | DEBUG | -1003065205593 | 2 | 🔄 Квота обновлена: 3/6
2025-09-22 21:29:15 | core | DEBUG | -1003065205593 | 2 | 🔄 Квота обновлена: 4/6
2025-09-22 21:29:17 | core | DEBUG | -1003065205593 | 1 | 🔄 Квота обновлена: 4/6
2025-09-22 21:29:22 | core | DEBUG | -1003065205593 | 1 | 🔄 Квота обновлена: 5/6
2025-09-22 21:29:23 | core | DEBUG | -1003065205593 | 2 | 🔄 Квота обновлена: 1/6
2025-09-22 21:29:27 | core | DEBUG | -1003065205593 | 1 | 🔄 Квота обновлена: 1/6
2025-09-22 21:29:37 | core | DEBUG | -1003065205593 | 1 | 🔄 Квота обновлена: 2/6
2025-09-22 21:29:47 | core | DEBUG | -1003065205593 | 1 | 🔄 Квота обновлена: 3/6
2025-09-22 21:30:06 | core | DEBUG | -1003065205593 | 1 | 🔄 Квота обновлена: 4/6
2025-09-22 21:30:12 | core | DEBUG | -1003065205593 | 1 | 🔄 Квота обновлена: 5/6
2025-09-22 21:30:22 | core | DEBUG | -1003065205593 | 1 | 💰 Деньги получены: +2 (2)
2025-09-22 21:30:22 | core | DEBUG | -1003065205593 | 1 | 🗂 Опыт увеличен: +2.0 (4.0/7)
2025-09-22 21:30:22 | core | DEBUG | -1003065205593 | 1 | ✅ Квота выполнена: 0/6
2025-09-22 21:30:22 | core | DEBUG | -1003065205593 | 1 | 🔄 Квота обновлена: 0/6
2025-09-22 21:30:25 | core | DEBUG | -1003065205593 | 1 | 🔄 Квота обновлена: 1/6
2025-09-22 21:30:29 | core | DEBUG | -1003065205593 | 1 | 🔄 Квота обновлена: 2/6
2025-09-22 21:30:43 | core | DEBUG | -1003065205593 | 1 | 🔄 Квота обновлена: 3/6
2025-09-22 21:30:45 | core | DEBUG | -1003065205593 | 1 | 🔄 Квота обновлена: 4/6
2025-09-22 21:30:57 | core | DEBUG | -1003065205593 | 1 | 🔄 Квота обновлена: 5/6
2025-09-22 21:31:00 | core | DEBUG | -1003065205593 | 2 | 🔄 Квота обновлена: 1/6
2025-09-22 21:32:25 | core | DEBUG | -1003065205593 | 1 | 🔄 Квота обновлена: 1/6
2025-09-22 21:32:26 | core | DEBUG | -1003065205593 | 2 | 🔄 Квота обновлена: 1/6
2025-09-22 21:33:07 | core | DEBUG | -1003065205593 | 1 | 🔄 Квота обновлена: 2/6
2025-09-22 21:34:56 | core | DEBUG | -1003065205593 | 1 | 🔄 Квота обновлена: 1/6
2025-09-22 21:35:38 | core | DEBUG | -1003065205593 | 1 | 🔄 Квота обновлена: 1/6
2025-09-22 21:35:39 | core | DEBUG | -1003065205593 | 1 | 🔄 Квота обновлена: 2/6
2025-09-22 21:36:08 | core | DEBUG | -1003065205593 | 2 | 🔄 Квота обновлена: 1/6
2025-09-22 21:36:12 | core | DEBUG | -1003065205593 | 1 | 🔄 Квота обновлена: 3/6
2025-09-22 21:36:18 | core | DEBUG | -1003065205593 | 1 | 🔄 Квота обновлена: 4/6
2025-09-22 21:36:19 | core | DEBUG | -1003065205593 | 1 | 🔄 Квота обновлена: 5/6
2025-09-22 21:36:21 | core | DEBUG | -1003065205593 | 2 | 🔄 Квота обновлена: 2/6
2025-09-22 21:36:43 | core | DEBUG | -1003065205593 | 1 | 🔄 Квота обновлена: 1/6
2025-09-22 21:36:47 | core | DEBUG | Созданы настройки для пользователя 1402328363
2025-09-22 21:36:55 | core | DEBUG | -1003065205593 | 1 | 🔄 Квота обновлена: 2/6
2025-09-22 21:37:02 | core | DEBUG | -1003065205593 | 2 | 🔄 Квота обновлена: 1/6
2025-09-22 21:37:04 | core | DEBUG | -1003065205593 | 2 | 🔄 Квота обновлена: 2/6
2025-09-22 21:37:39 | core | DEBUG | -1003065205593 | 2 | 🔄 Квота обновлена: 1/6
2025-09-22 21:37:47 | core | DEBUG | -1003065205593 | 2 | 🗂 Опыт увеличен: +1 (2/7)
2025-09-22 21:37:47 | core | DEBUG | -1003065205593 | 2 | Добыто ресурсов: Лён x4
2025-09-22 21:39:51 | core | DEBUG | ✅ Создан пользователь: 5195134444
2025-09-22 21:39:51 | core | DEBUG | -1003065205593 | ✅ Создано поселение: Settlements!
2025-09-22 21:39:51 | core | DEBUG | -1003065205593 | ✅ Создан поселец: 1
2025-09-22 21:39:53 | core | DEBUG | Созданы настройки для пользователя 5195134444
2025-09-22 21:40:20 | core | DEBUG | -1003065205593 | 2 | 🔄 Квота обновлена: 1/6
2025-09-22 21:40:35 | core | DEBUG | ✅ Создан пользователь: 1402328363
2025-09-22 21:40:35 | core | DEBUG | -1003065205593 | ✅ Создан поселец: 2
2025-09-22 21:40:42 | core | DEBUG | -1003065205593 | 3 | 🔄 Квота обновлена: 1/6
2025-09-22 21:40:55 | core | DEBUG | -1003065205593 | 2 | 🔄 Квота обновлена: 2/6
2025-09-22 21:40:58 | core | DEBUG | -1003065205593 | 2 | 🔄 Квота обновлена: 3/6
2025-09-22 21:41:02 | core | DEBUG | -1003065205593 | 2 | 🔄 Квота обновлена: 4/6
2025-09-22 21:41:13 | core | DEBUG | -1003065205593 | 2 | 🔄 Квота обновлена: 5/6
2025-09-22 21:41:58 | core | DEBUG | -1003065205593 | 3 | 🔄 Квота обновлена: 2/6
2025-09-22 21:45:16 | core | DEBUG | ✅ Создан пользователь: 919429717
2025-09-22 21:45:16 | core | DEBUG | -1003065205593 | ✅ Создан поселец: 3
2025-09-22 21:45:16 | core | DEBUG | Созданы настройки для пользователя 919429717
2025-09-22 21:45:49 | core | DEBUG | -1003065205593 | 4 | 🗂 Опыт увеличен: +2 (2/7)
2025-09-22 21:45:49 | core | DEBUG | -1003065205593 | 4 | Добыто ресурсов: Зерно x5, Картофель x4, Ягоды x4
2025-09-22 21:49:21 | core | DEBUG | -1003065205593 | 2 | 💰 Деньги получены: +3 (3)
2025-09-22 21:49:21 | core | DEBUG | -1003065205593 | 2 | 🗂 Опыт увеличен: +1.0 (1.0/7)
2025-09-22 21:49:22 | core | DEBUG | -1003065205593 | 2 | ✅ Квота выполнена: 0/6
2025-09-22 21:49:22 | core | DEBUG | -1003065205593 | 2 | 🔄 Квота обновлена: 0/6
2025-09-22 22:40:39 | core | DEBUG | ✅ Создан пользователь: 5195134444
2025-09-22 22:40:39 | core | DEBUG | -1003065205593 | ✅ Создано поселение: Settlements!
2025-09-22 22:40:40 | core | DEBUG | -1003065205593 | ✅ Создан поселец: 1
2025-09-22 22:40:40 | core | DEBUG | Созданы настройки для пользователя 5195134444
2025-09-22 22:41:52 | core | DEBUG | -1003065205593 | 1 | 🔄 Квота обновлена: 1/6
2025-09-22 22:41:57 | core | DEBUG | -1003065205593 | 1 | 🔄 Квота обновлена: 2/6
2025-09-22 22:42:01 | core | DEBUG | -1003065205593 | 1 | 🔄 Квота обновлена: 3/6
2025-09-22 22:50:08 | core | DEBUG | -1003065205593 | 1 | 🔄 Квота обновлена: 4/6
2025-09-22 22:50:11 | core | DEBUG | -1003065205593 | 1 | 🔄 Квота обновлена: 5/6
2025-09-22 22:52:46 | core | DEBUG | ✅ Создан пользователь: 919429717
2025-09-22 22:52:46 | core | DEBUG | -1003065205593 | ✅ Создан поселец: 2
2025-09-22 22:52:59 | core | DEBUG | Созданы настройки для пользователя 919429717
2025-09-22 22:53:48 | core | DEBUG | -1003065205593 | 2 | 🗂 Опыт увеличен: +2 (2/7)
2025-09-22 22:53:48 | core | DEBUG | -1003065205593 | 2 | Добыто ресурсов: Лён x5
2025-09-22 23:06:53 | core | DEBUG | -1003065205593 | 1 | 🔄 Квота обновлена: 1/6
2025-09-22 23:19:18 | core | DEBUG | -1003065205593 | 2 | 🗂 Опыт увеличен: +1 (3/7)
2025-09-22 23:19:18 | core | DEBUG | -1003065205593 | 2 | Добыто ресурсов: Лён x3
2025-09-22 23:24:26 | core | DEBUG | -1003065205593 | 1 | 🔄 Квота обновлена: 2/6
2025-09-22 23:33:50 | core | DEBUG | ✅ Создан пользователь: 1402328363
2025-09-23 08:36:29 | core | DEBUG | ✅ Создан пользователь: 5768545131
2025-09-23 08:36:29 | core | DEBUG | -1003065205593 | ✅ Создан поселец: 3
2025-09-23 08:36:30 | core | DEBUG | -1003065205593 | 1 | 🔄 Квота обновлена: 3/6
2025-09-23 08:36:30 | core | DEBUG | -1003065205593 | ✅ Создан поселец: 4
2025-09-23 08:36:30 | core | DEBUG | -1003065205593 | 3 | 🔄 Квота обновлена: 1/6
2025-09-23 08:36:45 | core | DEBUG | -1003065205593 | 1 | 🔄 Квота обновлена: 4/6
2025-09-23 08:37:01 | core | DEBUG | Созданы настройки для пользователя 5768545131
2025-09-23 08:37:22 | core | DEBUG | -1003065205593 | 36 | 🗂 Опыт увеличен: +1 (1/7)
2025-09-23 08:37:22 | core | DEBUG | -1003065205593 | 36 | Добыто ресурсов: 
2025-09-23 08:37:29 | core | DEBUG | -1003065205593 | 1 | 🔄 Квота обновлена: 5/6
2025-09-23 08:39:50 | core | DEBUG | -1003065205593 | 1 | 🗂 Опыт увеличен: +2 (2/7)
2025-09-23 08:39:50 | core | DEBUG | -1003065205593 | 1 | Добыто ресурсов: Зерно x5, Картофель x3
2025-09-23 10:01:48 | core | DEBUG | ✅ Создан пользователь: 5195134444
2025-09-23 10:01:49 | core | DEBUG | -1003065205593 | ✅ Создано поселение: Settlements!
2025-09-23 10:01:49 | core | DEBUG | -1003065205593 | ✅ Создан поселец: 1
2025-09-23 10:01:49 | core | DEBUG | Созданы настройки для пользователя 5195134444
2025-09-23 10:07:11 | core | DEBUG | -1003065205593 | 1 | ✅ Мера исполнена: 1/6
2025-09-23 10:07:11 | core | DEBUG | -1003065205593 | 1 | 🔄 Мера обновлена: 1/6
2025-09-23 10:12:31 | core | DEBUG | ✅ Создан пользователь: 1402328363
2025-09-23 10:12:31 | core | DEBUG | -1003065205593 | ✅ Создан поселец: 2
2025-09-23 10:12:31 | core | DEBUG | -1003065205593 | 2 | ✅ Мера исполнена: 1/6
2025-09-23 10:12:31 | core | DEBUG | -1003065205593 | 2 | 🔄 Мера обновлена: 1/6
2025-09-23 10:12:38 | core | DEBUG | -1003065205593 | 1 | ✅ Мера исполнена: 2/6
2025-09-23 10:12:38 | core | DEBUG | -1003065205593 | 1 | 🔄 Мера обновлена: 2/6
2025-09-23 10:12:50 | core | DEBUG | -1003065205593 | 2 | ✅ Мера исполнена: 2/6
2025-09-23 10:12:50 | core | DEBUG | -1003065205593 | 2 | 🔄 Мера обновлена: 2/6
2025-09-23 10:12:58 | core | DEBUG | -1003065205593 | 2 | ✅ Мера исполнена: 3/6
2025-09-23 10:12:58 | core | DEBUG | -1003065205593 | 2 | 🔄 Мера обновлена: 3/6
2025-09-23 10:13:03 | core | DEBUG | -1003065205593 | 1 | ✅ Мера исполнена: 3/6
2025-09-23 10:13:03 | core | DEBUG | -1003065205593 | 1 | 🔄 Мера обновлена: 3/6
2025-09-23 10:13:04 | core | DEBUG | -1003065205593 | 1 | ✅ Мера исполнена: 4/6
2025-09-23 10:13:04 | core | DEBUG | -1003065205593 | 1 | 🔄 Мера обновлена: 4/6
2025-09-23 10:14:34 | core | DEBUG | -1003065205593 | 1 | 🗂 Опыт увеличен: +2 (2/7)
2025-09-23 10:14:34 | core | DEBUG | -1003065205593 | 1 | Добыто ресурсов: Отвар x1
2025-09-23 10:15:33 | core | DEBUG | ✅ Создан пользователь: 1726907614
2025-09-23 10:15:33 | core | DEBUG | -1003065205593 | ✅ Создан поселец: 3
2025-09-23 10:17:41 | core | DEBUG | -1003065205593 | 3 | 🗂 Опыт увеличен: +2 (2/7)
2025-09-23 10:17:41 | core | DEBUG | -1003065205593 | 3 | Добыто ресурсов: Отвар x1
2025-09-23 10:22:40 | core | DEBUG | ✅ Создан пользователь: 5195134444
2025-09-23 10:22:40 | core | DEBUG | -1003065205593 | ✅ Создано поселение: Settlements!
2025-09-23 10:22:40 | core | DEBUG | -1003065205593 | ✅ Создан поселец: 1
2025-09-23 10:22:40 | core | DEBUG | Созданы настройки для пользователя 5195134444
2025-09-23 10:25:43 | core | DEBUG | ✅ Создан пользователь: 919429717
2025-09-23 10:25:43 | core | DEBUG | -1003065205593 | ✅ Создан поселец: 2
2025-09-23 10:25:43 | core | DEBUG | Созданы настройки для пользователя 919429717
2025-09-23 10:34:41 | core | DEBUG | ✅ Создан пользователь: 5768545131
2025-09-23 10:34:41 | core | DEBUG | -1003065205593 | ✅ Создан поселец: 3
2025-09-23 10:35:16 | core | DEBUG | -1003065205593 | 3 | 🗂 Опыт увеличен: +2 (2/7)
2025-09-23 10:35:16 | core | DEBUG | -1003065205593 | 3 | Добыто ресурсов: Картофель x5, Грибы x2
2025-09-23 10:36:20 | core | DEBUG | Созданы настройки для пользователя 5768545131
2025-09-23 11:32:09 | core | DEBUG | -1003065205593 | 1 | ✅ Мера исполнена: 1/6
2025-09-23 11:32:09 | core | DEBUG | -1003065205593 | 1 | 🔄 Мера обновлена: 1/6
2025-09-23 11:32:10 | core | DEBUG | -1003065205593 | 1 | ✅ Мера исполнена: 2/6
2025-09-23 11:32:10 | core | DEBUG | -1003065205593 | 1 | 🔄 Мера обновлена: 2/6
2025-09-23 11:32:15 | core | DEBUG | -1003065205593 | 1 | ✅ Мера исполнена: 3/6
2025-09-23 11:32:15 | core | DEBUG | -1003065205593 | 1 | 🔄 Мера обновлена: 3/6
2025-09-23 11:34:49 | core | DEBUG | -1003065205593 | 1 | ✅ Мера исполнена: 4/6
2025-09-23 11:34:49 | core | DEBUG | -1003065205593 | 1 | 🔄 Мера обновлена: 4/6
2025-09-23 11:34:55 | core | DEBUG | -1003065205593 | 1 | ✅ Мера исполнена: 5/6
2025-09-23 11:34:55 | core | DEBUG | -1003065205593 | 1 | 🔄 Мера обновлена: 5/6
2025-09-23 11:43:32 | core | DEBUG | -1003065205593 | 1 | 🗂 Опыт увеличен: +1 (1/7)
2025-09-23 11:43:32 | core | DEBUG | -1003065205593 | 1 | Добыто ресурсов: Отвар x1
2025-09-23 15:13:04 | core | DEBUG | -1003065205593 | 1 | 💰 Деньги получены: +2 (2)
2025-09-23 15:13:04 | core | DEBUG | -1003065205593 | 1 | 🗂 Опыт увеличен: +1.0 (2.0/7)
2025-09-23 15:13:04 | core | DEBUG | -1003065205593 | 1 | ✅ Мера исполнена: 0/6
2025-09-23 15:13:04 | core | DEBUG | -1003065205593 | 1 | 🔄 Мера обновлена: 0/6
2025-09-23 15:16:23 | core | DEBUG | -1003065205593 | 3 | ✅ Мера исполнена: 1/6
2025-09-23 15:16:23 | core | DEBUG | -1003065205593 | 3 | 🔄 Мера обновлена: 1/6
2025-09-24 11:47:32 | core | DEBUG | ✅ Создан пользователь: 432591687
2025-09-24 11:47:32 | core | DEBUG | -1003065205593 | ✅ Создан поселец: 4
2025-09-24 11:47:32 | core | DEBUG | Созданы настройки для пользователя 432591687
2025-09-25 11:18:12 | core | DEBUG | -1003065205593 | 2 | ✅ Мера исполнена: 1/6
2025-09-25 11:18:12 | core | DEBUG | -1003065205593 | 2 | 🔄 Мера обновлена: 1/6
2025-09-25 11:18:13 | core | DEBUG | -1003065205593 | 2 | ✅ Мера исполнена: 2/6
2025-09-25 11:18:13 | core | DEBUG | -1003065205593 | 2 | 🔄 Мера обновлена: 2/6
2025-09-25 11:50:50 | core | DEBUG | ✅ Создан пользователь: 5195134444
2025-09-25 11:50:50 | core | DEBUG | -1003065205593 | ✅ Создано поселение: Settlements!
2025-09-25 11:50:50 | core | DEBUG | -1003065205593 | ✅ Создан поселец: 1
2025-09-25 12:08:31 | core | DEBUG | Созданы настройки для пользователя 5195134444
2025-09-25 12:10:44 | core | DEBUG | -1003065205593 | 1 | 🔄 Мера обновлена: 1/6
2025-09-25 12:12:12 | core | DEBUG | -1003065205593 | 1 | 🔄 Мера обновлена: 2/6
2025-09-25 12:17:56 | core | DEBUG | -1003065205593 | 1 | 🔄 Мера обновлена: 3/6
2025-09-25 12:29:46 | core | DEBUG | -1003065205593 | 1 | 🔄 Мера обновлена: 4/6
2025-09-25 12:29:48 | core | DEBUG | -1003065205593 | 1 | 🔄 Мера обновлена: 5/6
2025-09-25 12:29:51 | core | DEBUG | -1003065205593 | 1 | 💰 Деньги получены: +3 (3)
2025-09-25 12:29:51 | core | DEBUG | -1003065205593 | 1 | 🗂 Опыт увеличен: +3.0 (3.0/7)
2025-09-25 12:29:51 | core | DEBUG | -1003065205593 | 1 | ✅ Мера исполнена: 0/6
2025-09-25 12:29:51 | core | DEBUG | -1003065205593 | 1 | 🔄 Мера обновлена: 0/6
2025-09-25 12:31:18 | core | DEBUG | ✅ Создан пользователь: 432591687
2025-09-25 12:31:18 | core | DEBUG | -1003065205593 | ✅ Создан поселец: 2
2025-09-25 12:31:18 | core | DEBUG | Созданы настройки для пользователя 432591687
2025-09-25 12:31:45 | core | DEBUG | -1003065205593 | 2 | 🔄 Мера обновлена: 1/6
2025-09-25 12:37:39 | core | DEBUG | -1003065205593 | 2 | 🔄 Мера обновлена: 2/6
2025-09-25 12:44:20 | core | DEBUG | -1003065205593 | 1 | 🗂 Опыт увеличен: +1 (4/7)
2025-09-25 12:44:20 | core | DEBUG | -1003065205593 | 1 | Добыто ресурсов: Кора x3
2025-09-25 12:47:02 | core | DEBUG | -1003065205593 | 2 | 🗂 Опыт увеличен: +2 (2/7)
2025-09-25 12:47:02 | core | DEBUG | -1003065205593 | 2 | Добыто ресурсов: Лён x4
2025-09-25 12:47:19 | core | DEBUG | -1003065205593 | 2 | 🔄 Мера обновлена: 3/6
2025-09-25 12:47:30 | core | DEBUG | -1003065205593 | 2 | 🔄 Мера обновлена: 4/6
2025-09-25 12:47:32 | core | DEBUG | -1003065205593 | 2 | 🔄 Мера обновлена: 5/6
2025-09-25 12:47:56 | core | DEBUG | ✅ Создан пользователь: 5195134444
2025-09-25 12:47:56 | core | DEBUG | -1003065205593 | ✅ Создано поселение: Settlements!
2025-09-25 12:47:56 | core | DEBUG | -1003065205593 | ✅ Создан поселец: 1
2025-09-25 12:47:56 | core | DEBUG | Созданы настройки для пользователя 5195134444
2025-09-25 12:48:12 | core | DEBUG | -1003065205593 | 1 | 🗂 Опыт увеличен: +2 (2/7)
2025-09-25 12:48:12 | core | DEBUG | -1003065205593 | 1 | Добыто ресурсов: Рыба x5
2025-09-25 12:48:18 | core | DEBUG | ✅ Создан пользователь: 432591687
2025-09-25 12:48:18 | core | DEBUG | -1003065205593 | ✅ Создан поселец: 2
2025-09-25 12:48:18 | core | DEBUG | -1003065205593 | 2 | 🔄 Мера обновлена: 1/6
2025-09-25 12:48:22 | core | DEBUG | -1003065205593 | 2 | 🔄 Мера обновлена: 2/6
2025-09-25 12:48:25 | core | DEBUG | Созданы настройки для пользователя 432591687
2025-09-25 12:48:48 | core | DEBUG | -1003065205593 | 2 | 🔄 Мера обновлена: 3/6
2025-09-25 12:48:56 | core | DEBUG | -1003065205593 | 2 | 🔄 Мера обновлена: 4/6
2025-09-25 12:49:13 | core | DEBUG | -1003065205593 | 1 | 🔄 Мера обновлена: 1/6
2025-09-25 12:49:17 | core | DEBUG | -1003065205593 | 1 | 🔄 Мера обновлена: 2/6
2025-09-25 12:50:16 | core | DEBUG | -1003065205593 | 2 | 🗂 Опыт увеличен: +1 (1/7)
2025-09-25 12:50:16 | core | DEBUG | -1003065205593 | 2 | Добыто ресурсов: Рыба x3
2025-09-25 12:51:52 | core | DEBUG | -1003065205593 | 1 | 🔄 Мера обновлена: 3/6
2025-09-25 12:51:53 | core | DEBUG | -1003065205593 | 1 | 🔄 Мера обновлена: 4/6
2025-09-25 12:52:55 | core | DEBUG | -1003065205593 | 1 | 🔄 Мера обновлена: 5/6
2025-09-25 12:53:18 | core | DEBUG | -1003065205593 | 1 | 💰 Деньги получены: +4 (4)
2025-09-25 12:53:18 | core | DEBUG | -1003065205593 | 1 | 🗂 Опыт увеличен: +1.0 (3.0/7)
2025-09-25 12:53:19 | core | DEBUG | -1003065205593 | 1 | ✅ Мера исполнена: 0/6
2025-09-25 12:53:19 | core | DEBUG | -1003065205593 | 1 | 🔄 Мера обновлена: 0/6
2025-09-25 12:53:48 | core | DEBUG | -1003065205593 | 2 | 🔄 Мера обновлена: 5/6
2025-09-25 12:54:17 | core | DEBUG | -1003065205593 | 2 | 💰 Деньги получены: +2 (2)
2025-09-25 12:54:17 | core | DEBUG | -1003065205593 | 2 | 🗂 Опыт увеличен: +3.0 (4.0/7)
2025-09-25 12:54:18 | core | DEBUG | -1003065205593 | 2 | ✅ Мера исполнена: 0/6
2025-09-25 12:54:18 | core | DEBUG | -1003065205593 | 2 | 🔄 Мера обновлена: 0/6
